[0.013s] Invoking command in '/home/kubekpc/Lidar_Robot/build/stm_custom_msgs': /usr/bin/cmake /home/kubekpc/Lidar_Robot/lidar_robot_ws/src/stm_custom_msgs -DCMAKE_INSTALL_PREFIX=/home/kubekpc/Lidar_Robot/install/stm_custom_msgs
[0.088s] -- The C compiler identification is GNU 11.4.0
[0.145s] -- The CXX compiler identification is GNU 11.4.0
[0.153s] -- Detecting C compiler ABI info
[0.210s] -- Detecting C compiler ABI info - done
[0.214s] -- Check for working C compiler: /usr/bin/cc - skipped
[0.215s] -- Detecting C compile features
[0.215s] -- Detecting C compile features - done
[0.218s] -- Detecting CXX compiler ABI info
[0.282s] -- Detecting CXX compiler ABI info - done
[0.287s] -- Check for working CXX compiler: /usr/bin/c++ - skipped
[0.287s] -- Detecting CXX compile features
[0.287s] -- Detecting CXX compile features - done
[0.291s] -- Found ament_cmake: 1.3.14 (/opt/ros/humble/share/ament_cmake/cmake)
[0.403s] -- Found Python3: /usr/bin/python3 (found version "3.10.12") found components: Interpreter 
[0.475s] [31mCMake Error at CMakeLists.txt:10 (find_package):
[0.475s]   find_package called with invalid argument "std_msgs"
[0.475s] 
[0.475s] [0m
[0.475s] [31mCMake Error at CMakeLists.txt:16 (rosidl_generate_interfaces):
[0.475s]   Unknown CMake command "rosidl_generate_interfaces".
[0.475s] 
[0.475s] [0m
[0.475s] -- Configuring incomplete, errors occurred!
[0.475s] See also "/home/kubekpc/Lidar_Robot/build/stm_custom_msgs/CMakeFiles/CMakeOutput.log".
