-- Found ament_cmake: 1.3.14 (/opt/ros/humble/share/ament_cmake/cmake)
-- Found rosidl_default_generators: 1.2.1 (/opt/ros/humble/share/rosidl_default_generators/cmake)
-- Using all available rosidl_typesupport_c: rosidl_typesupport_fastrtps_c;rosidl_typesupport_introspection_c
-- Found rosidl_adapter: 3.1.9 (/opt/ros/humble/share/rosidl_adapter/cmake)
-- Using all available rosidl_typesupport_cpp: rosidl_typesupport_fastrtps_cpp;rosidl_typesupport_introspection_cpp
-- Found builtin_interfaces: 1.2.3 (/opt/ros/humble/share/builtin_interfaces/cmake)
-- Found ament_cmake_ros: 0.10.0 (/opt/ros/humble/share/ament_cmake_ros/cmake)
-- Using all available rosidl_typesupport_c: rosidl_typesupport_fastrtps_c;rosidl_typesupport_introspection_c
-- Using all available rosidl_typesupport_cpp: rosidl_typesupport_fastrtps_cpp;rosidl_typesupport_introspection_cpp
-- Found PythonInterp: /home/kubekpc/zephyr_venv/bin/python3 (found suitable version "3.10.12", minimum required is "3.6") 
-- Found python_cmake_module: 0.10.0 (/opt/ros/humble/share/python_cmake_module/cmake)
-- Found PythonLibs: /usr/lib/x86_64-linux-gnu/libpython3.10.so (found suitable version "3.10.12", minimum required is "3.5") 
-- Using PYTHON_EXECUTABLE: /home/kubekpc/zephyr_venv/bin/python3
-- Using PYTHON_INCLUDE_DIRS: /usr/include/python3.10
-- Using PYTHON_LIBRARIES: /usr/lib/x86_64-linux-gnu/libpython3.10.so
-- Found PythonExtra: .so  
-- Found ament_lint_auto: 0.12.15 (/opt/ros/humble/share/ament_lint_auto/cmake)
-- Added test 'lint_cmake' to check CMake code style
-- Added test 'xmllint' to check XML markup files
-- Configuring done
-- Generating done
-- Build files have been written to: /home/kubekpc/Lidar_Robot/build/stm_custom_msgs
[  3%] [34m[1mGenerating C code for ROS interfaces[0m
[  6%] [34m[1mGenerating C++ code for ROS interfaces[0m
[  9%] [34m[1mGenerating Rust code for ROS interfaces[0m
[  9%] Built target ament_cmake_python_copy_stm_custom_msgs
[ 12%] [32mBuilding C object CMakeFiles/stm_custom_msgs__rosidl_generator_c.dir/rosidl_generator_c/stm_custom_msgs/msg/detail/stm_hardware_state__functions.c.o[0m
[ 12%] Built target stm_custom_msgs__cpp
[ 12%] Built target stm_custom_msgs__rs
[ 18%] [34m[1mGenerating C++ type support dispatch for ROS interfaces[0m
[ 18%] [34m[1mGenerating C++ type support for eProsima Fast-RTPS[0m
[ 21%] [34m[1mGenerating C++ introspection for ROS interfaces[0m
running egg_info
creating stm_custom_msgs.egg-info
writing stm_custom_msgs.egg-info/PKG-INFO
writing dependency_links to stm_custom_msgs.egg-info/dependency_links.txt
writing top-level names to stm_custom_msgs.egg-info/top_level.txt
writing manifest file 'stm_custom_msgs.egg-info/SOURCES.txt'
reading manifest file 'stm_custom_msgs.egg-info/SOURCES.txt'
writing manifest file 'stm_custom_msgs.egg-info/SOURCES.txt'
[ 25%] [32m[1mLinking C shared library libstm_custom_msgs__rosidl_generator_c.so[0m
[ 25%] Built target ament_cmake_python_build_stm_custom_msgs_egg
[ 25%] Built target stm_custom_msgs__rosidl_generator_c
[ 34%] [34m[1mGenerating C type support for eProsima Fast-RTPS[0m
[ 34%] [34m[1mGenerating C type support dispatch for ROS interfaces[0m
[ 34%] [34m[1mGenerating C introspection for ROS interfaces[0m
[ 37%] [32mBuilding CXX object CMakeFiles/stm_custom_msgs__rosidl_typesupport_cpp.dir/rosidl_typesupport_cpp/stm_custom_msgs/msg/stm_hardware_state__type_support.cpp.o[0m
[ 40%] [32mBuilding CXX object CMakeFiles/stm_custom_msgs__rosidl_typesupport_introspection_cpp.dir/rosidl_typesupport_introspection_cpp/stm_custom_msgs/msg/detail/stm_hardware_state__type_support.cpp.o[0m
[ 43%] [32mBuilding CXX object CMakeFiles/stm_custom_msgs__rosidl_typesupport_fastrtps_cpp.dir/rosidl_typesupport_fastrtps_cpp/stm_custom_msgs/msg/detail/dds_fastrtps/stm_hardware_state__type_support.cpp.o[0m
[ 46%] [32mBuilding C object CMakeFiles/stm_custom_msgs__rosidl_typesupport_introspection_c.dir/rosidl_typesupport_introspection_c/stm_custom_msgs/msg/detail/stm_hardware_state__type_support.c.o[0m
[ 50%] [32mBuilding CXX object CMakeFiles/stm_custom_msgs__rosidl_typesupport_c.dir/rosidl_typesupport_c/stm_custom_msgs/msg/stm_hardware_state__type_support.cpp.o[0m
[ 53%] [32mBuilding CXX object CMakeFiles/stm_custom_msgs__rosidl_typesupport_fastrtps_c.dir/rosidl_typesupport_fastrtps_c/stm_custom_msgs/msg/detail/stm_hardware_state__type_support_c.cpp.o[0m
[ 56%] [32m[1mLinking CXX shared library libstm_custom_msgs__rosidl_typesupport_c.so[0m
[ 59%] [32m[1mLinking C shared library libstm_custom_msgs__rosidl_typesupport_introspection_c.so[0m
[ 59%] Built target stm_custom_msgs__rosidl_typesupport_introspection_c
[ 59%] Built target stm_custom_msgs__rosidl_typesupport_c
[ 62%] [32m[1mLinking CXX shared library libstm_custom_msgs__rosidl_typesupport_cpp.so[0m
[ 62%] Built target stm_custom_msgs__rosidl_typesupport_cpp
[ 65%] [32m[1mLinking CXX shared library libstm_custom_msgs__rosidl_typesupport_introspection_cpp.so[0m
[ 68%] [32m[1mLinking CXX shared library libstm_custom_msgs__rosidl_typesupport_fastrtps_c.so[0m
[ 71%] [32m[1mLinking CXX shared library libstm_custom_msgs__rosidl_typesupport_fastrtps_cpp.so[0m
[ 71%] Built target stm_custom_msgs__rosidl_typesupport_introspection_cpp
[ 71%] Built target stm_custom_msgs__rosidl_typesupport_fastrtps_c
[ 71%] Built target stm_custom_msgs__rosidl_typesupport_fastrtps_cpp
[ 71%] Built target stm_custom_msgs
[ 75%] [34m[1mGenerating Python code for ROS interfaces[0m
Traceback (most recent call last):
  File "/opt/ros/humble/share/rosidl_generator_py/cmake/../../../lib/rosidl_generator_py/rosidl_generator_py", line 8, in <module>
    from rosidl_generator_py import generate_py
ImportError: cannot import name 'generate_py' from 'rosidl_generator_py' (/opt/ros/humble/local/lib/python3.10/dist-packages/rosidl_generator_py/__init__.py)
gmake[2]: *** [stm_custom_msgs__py/CMakeFiles/stm_custom_msgs__py.dir/build.make:93: rosidl_generator_py/stm_custom_msgs/_stm_custom_msgs_s.ep.rosidl_typesupport_fastrtps_c.c] Error 1
gmake[1]: *** [CMakeFiles/Makefile2:609: stm_custom_msgs__py/CMakeFiles/stm_custom_msgs__py.dir/all] Error 2
gmake: *** [Makefile:146: all] Error 2
