[0.008s] Invoking command in '/home/kubekpc/Lidar_Robot/build/stm_custom_msgs': CMAKE_PREFIX_PATH=/opt/ros/humble VIRTUAL_ENV_PROMPT=(zephyr_venv) /usr/bin/cmake /home/kubekpc/Lidar_Robot/lidar_robot_ws/src/stm_custom_msgs -DCMAKE_INSTALL_PREFIX=/home/kubekpc/Lidar_Robot/install/stm_custom_msgs
[0.018s] -- Found ament_cmake: 1.3.14 (/opt/ros/humble/share/ament_cmake/cmake)
[0.109s] -- Found rosidl_default_generators: 1.2.1 (/opt/ros/humble/share/rosidl_default_generators/cmake)
[0.110s] -- Using all available rosidl_typesupport_c: rosidl_typesupport_fastrtps_c;rosidl_typesupport_introspection_c
[0.113s] -- Found rosidl_adapter: 3.1.9 (/opt/ros/humble/share/rosidl_adapter/cmake)
[0.136s] -- Using all available rosidl_typesupport_cpp: rosidl_typesupport_fastrtps_cpp;rosidl_typesupport_introspection_cpp
[0.156s] -- Found builtin_interfaces: 1.2.3 (/opt/ros/humble/share/builtin_interfaces/cmake)
[0.347s] -- Found ament_cmake_ros: 0.10.0 (/opt/ros/humble/share/ament_cmake_ros/cmake)
[0.491s] -- Using all available rosidl_typesupport_c: rosidl_typesupport_fastrtps_c;rosidl_typesupport_introspection_c
[0.674s] -- Using all available rosidl_typesupport_cpp: rosidl_typesupport_fastrtps_cpp;rosidl_typesupport_introspection_cpp
[0.688s] -- Found PythonInterp: /home/kubekpc/zephyr_venv/bin/python3 (found suitable version "3.10.12", minimum required is "3.6") 
[0.689s] -- Found python_cmake_module: 0.10.0 (/opt/ros/humble/share/python_cmake_module/cmake)
[0.706s] -- Found PythonLibs: /usr/lib/x86_64-linux-gnu/libpython3.10.so (found suitable version "3.10.12", minimum required is "3.5") 
[0.706s] -- Using PYTHON_EXECUTABLE: /home/kubekpc/zephyr_venv/bin/python3
[0.706s] -- Using PYTHON_INCLUDE_DIRS: /usr/include/python3.10
[0.706s] -- Using PYTHON_LIBRARIES: /usr/lib/x86_64-linux-gnu/libpython3.10.so
[0.719s] -- Found PythonExtra: .so  
[0.792s] -- Found ament_lint_auto: 0.12.15 (/opt/ros/humble/share/ament_lint_auto/cmake)
[0.810s] -- Added test 'lint_cmake' to check CMake code style
[0.811s] -- Added test 'xmllint' to check XML markup files
[0.814s] -- Configuring done
[0.840s] -- Generating done
[0.850s] -- Build files have been written to: /home/kubekpc/Lidar_Robot/build/stm_custom_msgs
[0.856s] Invoked command in '/home/kubekpc/Lidar_Robot/build/stm_custom_msgs' returned '0': CMAKE_PREFIX_PATH=/opt/ros/humble VIRTUAL_ENV_PROMPT=(zephyr_venv) /usr/bin/cmake /home/kubekpc/Lidar_Robot/lidar_robot_ws/src/stm_custom_msgs -DCMAKE_INSTALL_PREFIX=/home/kubekpc/Lidar_Robot/install/stm_custom_msgs
[0.857s] Invoking command in '/home/kubekpc/Lidar_Robot/build/stm_custom_msgs': CMAKE_PREFIX_PATH=/opt/ros/humble VIRTUAL_ENV_PROMPT=(zephyr_venv) /usr/bin/cmake --build /home/kubekpc/Lidar_Robot/build/stm_custom_msgs -- -j16 -l16
[0.892s] [  3%] [34m[1mGenerating C code for ROS interfaces[0m
[0.900s] [  6%] [34m[1mGenerating C++ code for ROS interfaces[0m
[0.900s] [  9%] [34m[1mGenerating Rust code for ROS interfaces[0m
[0.908s] [  9%] Built target ament_cmake_python_copy_stm_custom_msgs
[1.093s] [ 12%] [32mBuilding C object CMakeFiles/stm_custom_msgs__rosidl_generator_c.dir/rosidl_generator_c/stm_custom_msgs/msg/detail/stm_hardware_state__functions.c.o[0m
[1.096s] [ 12%] Built target stm_custom_msgs__cpp
[1.096s] [ 12%] Built target stm_custom_msgs__rs
[1.104s] [ 18%] [34m[1mGenerating C++ type support dispatch for ROS interfaces[0m
[1.104s] [ 18%] [34m[1mGenerating C++ type support for eProsima Fast-RTPS[0m
[1.104s] [ 21%] [34m[1mGenerating C++ introspection for ROS interfaces[0m
[1.108s] running egg_info
[1.109s] creating stm_custom_msgs.egg-info
[1.109s] writing stm_custom_msgs.egg-info/PKG-INFO
[1.109s] writing dependency_links to stm_custom_msgs.egg-info/dependency_links.txt
[1.109s] writing top-level names to stm_custom_msgs.egg-info/top_level.txt
[1.110s] writing manifest file 'stm_custom_msgs.egg-info/SOURCES.txt'
[1.112s] reading manifest file 'stm_custom_msgs.egg-info/SOURCES.txt'
[1.112s] writing manifest file 'stm_custom_msgs.egg-info/SOURCES.txt'
[1.133s] [ 25%] [32m[1mLinking C shared library libstm_custom_msgs__rosidl_generator_c.so[0m
[1.138s] [ 25%] Built target ament_cmake_python_build_stm_custom_msgs_egg
[1.163s] [ 25%] Built target stm_custom_msgs__rosidl_generator_c
[1.172s] [ 34%] [34m[1mGenerating C type support for eProsima Fast-RTPS[0m
[1.172s] [ 34%] [34m[1mGenerating C type support dispatch for ROS interfaces[0m
[1.172s] [ 34%] [34m[1mGenerating C introspection for ROS interfaces[0m
[1.275s] [ 37%] [32mBuilding CXX object CMakeFiles/stm_custom_msgs__rosidl_typesupport_cpp.dir/rosidl_typesupport_cpp/stm_custom_msgs/msg/stm_hardware_state__type_support.cpp.o[0m
[1.283s] [ 40%] [32mBuilding CXX object CMakeFiles/stm_custom_msgs__rosidl_typesupport_introspection_cpp.dir/rosidl_typesupport_introspection_cpp/stm_custom_msgs/msg/detail/stm_hardware_state__type_support.cpp.o[0m
[1.301s] [ 43%] [32mBuilding CXX object CMakeFiles/stm_custom_msgs__rosidl_typesupport_fastrtps_cpp.dir/rosidl_typesupport_fastrtps_cpp/stm_custom_msgs/msg/detail/dds_fastrtps/stm_hardware_state__type_support.cpp.o[0m
[1.359s] [ 46%] [32mBuilding C object CMakeFiles/stm_custom_msgs__rosidl_typesupport_introspection_c.dir/rosidl_typesupport_introspection_c/stm_custom_msgs/msg/detail/stm_hardware_state__type_support.c.o[0m
[1.360s] [ 50%] [32mBuilding CXX object CMakeFiles/stm_custom_msgs__rosidl_typesupport_c.dir/rosidl_typesupport_c/stm_custom_msgs/msg/stm_hardware_state__type_support.cpp.o[0m
[1.360s] [ 53%] [32mBuilding CXX object CMakeFiles/stm_custom_msgs__rosidl_typesupport_fastrtps_c.dir/rosidl_typesupport_fastrtps_c/stm_custom_msgs/msg/detail/stm_hardware_state__type_support_c.cpp.o[0m
[1.387s] [ 56%] [32m[1mLinking CXX shared library libstm_custom_msgs__rosidl_typesupport_c.so[0m
[1.391s] [ 59%] [32m[1mLinking C shared library libstm_custom_msgs__rosidl_typesupport_introspection_c.so[0m
[1.421s] [ 59%] Built target stm_custom_msgs__rosidl_typesupport_introspection_c
[1.427s] [ 59%] Built target stm_custom_msgs__rosidl_typesupport_c
[1.486s] [ 62%] [32m[1mLinking CXX shared library libstm_custom_msgs__rosidl_typesupport_cpp.so[0m
[1.523s] [ 62%] Built target stm_custom_msgs__rosidl_typesupport_cpp
[1.598s] [ 65%] [32m[1mLinking CXX shared library libstm_custom_msgs__rosidl_typesupport_introspection_cpp.so[0m
[1.614s] [ 68%] [32m[1mLinking CXX shared library libstm_custom_msgs__rosidl_typesupport_fastrtps_c.so[0m
[1.614s] [ 71%] [32m[1mLinking CXX shared library libstm_custom_msgs__rosidl_typesupport_fastrtps_cpp.so[0m
[1.635s] [ 71%] Built target stm_custom_msgs__rosidl_typesupport_introspection_cpp
[1.674s] [ 71%] Built target stm_custom_msgs__rosidl_typesupport_fastrtps_c
[1.685s] [ 71%] Built target stm_custom_msgs__rosidl_typesupport_fastrtps_cpp
[1.703s] [ 71%] Built target stm_custom_msgs
[1.721s] [ 75%] [34m[1mGenerating Python code for ROS interfaces[0m
[1.752s] Traceback (most recent call last):
[1.752s]   File "/opt/ros/humble/share/rosidl_generator_py/cmake/../../../lib/rosidl_generator_py/rosidl_generator_py", line 8, in <module>
[1.752s]     from rosidl_generator_py import generate_py
[1.752s] ImportError: cannot import name 'generate_py' from 'rosidl_generator_py' (/opt/ros/humble/local/lib/python3.10/dist-packages/rosidl_generator_py/__init__.py)
[1.756s] gmake[2]: *** [stm_custom_msgs__py/CMakeFiles/stm_custom_msgs__py.dir/build.make:93: rosidl_generator_py/stm_custom_msgs/_stm_custom_msgs_s.ep.rosidl_typesupport_fastrtps_c.c] Error 1
[1.757s] gmake[1]: *** [CMakeFiles/Makefile2:609: stm_custom_msgs__py/CMakeFiles/stm_custom_msgs__py.dir/all] Error 2
[1.757s] gmake: *** [Makefile:146: all] Error 2
[1.759s] Invoked command in '/home/kubekpc/Lidar_Robot/build/stm_custom_msgs' returned '2': CMAKE_PREFIX_PATH=/opt/ros/humble VIRTUAL_ENV_PROMPT=(zephyr_venv) /usr/bin/cmake --build /home/kubekpc/Lidar_Robot/build/stm_custom_msgs -- -j16 -l16
