[0.080s] DEBUG:colcon:Command line arguments: ['/usr/bin/colcon', 'build', '--packages-select', 'stm_custom_msgs']
[0.080s] DEBUG:colcon:Parsed command line arguments: Namespace(log_base=None, log_level=None, verb_name='build', build_base='build', install_base='install', merge_install=False, symlink_install=False, test_result_base=None, continue_on_error=False, executor='parallel', parallel_workers=16, event_handlers=None, ignore_user_meta=False, metas=['./colcon.meta'], base_paths=['.'], packages_ignore=None, packages_ignore_regex=None, paths=None, packages_up_to=None, packages_up_to_regex=None, packages_above=None, packages_above_and_dependencies=None, packages_above_depth=None, packages_select_by_dep=None, packages_skip_by_dep=None, packages_skip_up_to=None, packages_select_build_failed=False, packages_skip_build_finished=False, packages_select_test_failures=False, packages_skip_test_passed=False, packages_select=['stm_custom_msgs'], packages_skip=None, packages_select_regex=None, packages_skip_regex=None, packages_start=None, packages_end=None, allow_overriding=[], cmake_args=None, cmake_target=None, cmake_target_skip_unavailable=False, cmake_clean_cache=False, cmake_clean_first=False, cmake_force_configure=False, ament_cmake_args=None, catkin_cmake_args=None, catkin_skip_building_tests=False, mixin_files=None, mixin=None, verb_parser=<colcon_mixin.mixin.mixin_argument.MixinArgumentDecorator object at 0x733fe0a65db0>, verb_extension=<colcon_core.verb.build.BuildVerb object at 0x733fe0a653f0>, main=<bound method BuildVerb.main of <colcon_core.verb.build.BuildVerb object at 0x733fe0a653f0>>, mixin_verb=('build',))
[0.204s] Level 1:colcon.colcon_core.package_discovery:discover_packages(colcon_meta) check parameters
[0.204s] Level 1:colcon.colcon_core.package_discovery:discover_packages(recursive) check parameters
[0.204s] Level 1:colcon.colcon_core.package_discovery:discover_packages(ignore) check parameters
[0.204s] Level 1:colcon.colcon_core.package_discovery:discover_packages(path) check parameters
[0.204s] Level 1:colcon.colcon_core.package_discovery:discover_packages(colcon_meta) discover
[0.204s] Level 1:colcon.colcon_core.package_discovery:discover_packages(recursive) discover
[0.204s] INFO:colcon.colcon_core.package_discovery:Crawling recursively for packages in '/home/kubekpc/Lidar_Robot'
[0.204s] Level 1:colcon.colcon_core.package_identification:_identify(.) by extensions ['ignore', 'ignore_ament_install']
[0.204s] Level 1:colcon.colcon_core.package_identification:_identify(.) by extension 'ignore'
[0.204s] Level 1:colcon.colcon_core.package_identification:_identify(.) by extension 'ignore_ament_install'
[0.204s] Level 1:colcon.colcon_core.package_identification:_identify(.) by extensions ['colcon_pkg']
[0.204s] Level 1:colcon.colcon_core.package_identification:_identify(.) by extension 'colcon_pkg'
[0.204s] Level 1:colcon.colcon_core.package_identification:_identify(.) by extensions ['colcon_meta']
[0.204s] Level 1:colcon.colcon_core.package_identification:_identify(.) by extension 'colcon_meta'
[0.204s] Level 1:colcon.colcon_core.package_identification:_identify(.) by extensions ['ros']
[0.204s] Level 1:colcon.colcon_core.package_identification:_identify(.) by extension 'ros'
[0.213s] Level 1:colcon.colcon_core.package_identification:_identify(.) by extensions ['cmake', 'python']
[0.213s] Level 1:colcon.colcon_core.package_identification:_identify(.) by extension 'cmake'
[0.213s] Level 1:colcon.colcon_core.package_identification:_identify(.) by extension 'python'
[0.213s] Level 1:colcon.colcon_core.package_identification:_identify(.) by extensions ['python_setup_py']
[0.213s] Level 1:colcon.colcon_core.package_identification:_identify(.) by extension 'python_setup_py'
[0.213s] Level 1:colcon.colcon_core.package_identification:_identify(build) by extensions ['ignore', 'ignore_ament_install']
[0.213s] Level 1:colcon.colcon_core.package_identification:_identify(build) by extension 'ignore'
[0.213s] Level 1:colcon.colcon_core.package_identification:_identify(build) ignored
[0.213s] Level 1:colcon.colcon_core.package_identification:_identify(firmware) by extensions ['ignore', 'ignore_ament_install']
[0.214s] Level 1:colcon.colcon_core.package_identification:_identify(firmware) by extension 'ignore'
[0.214s] Level 1:colcon.colcon_core.package_identification:_identify(firmware) by extension 'ignore_ament_install'
[0.214s] Level 1:colcon.colcon_core.package_identification:_identify(firmware) by extensions ['colcon_pkg']
[0.214s] Level 1:colcon.colcon_core.package_identification:_identify(firmware) by extension 'colcon_pkg'
[0.214s] Level 1:colcon.colcon_core.package_identification:_identify(firmware) by extensions ['colcon_meta']
[0.214s] Level 1:colcon.colcon_core.package_identification:_identify(firmware) by extension 'colcon_meta'
[0.214s] Level 1:colcon.colcon_core.package_identification:_identify(firmware) by extensions ['ros']
[0.214s] Level 1:colcon.colcon_core.package_identification:_identify(firmware) by extension 'ros'
[0.214s] Level 1:colcon.colcon_core.package_identification:_identify(firmware) by extensions ['cmake', 'python']
[0.214s] Level 1:colcon.colcon_core.package_identification:_identify(firmware) by extension 'cmake'
[0.254s] Level 1:colcon.colcon_core.package_identification:_identify(firmware) by extension 'python'
[0.254s] DEBUG:colcon.colcon_core.package_identification:Package 'firmware' with type 'cmake' and name 'testsilnika'
[0.254s] Level 1:colcon.colcon_core.package_identification:_identify(install) by extensions ['ignore', 'ignore_ament_install']
[0.254s] Level 1:colcon.colcon_core.package_identification:_identify(install) by extension 'ignore'
[0.254s] Level 1:colcon.colcon_core.package_identification:_identify(install) ignored
[0.255s] Level 1:colcon.colcon_core.package_identification:_identify(lidar_robot_ws) by extensions ['ignore', 'ignore_ament_install']
[0.255s] Level 1:colcon.colcon_core.package_identification:_identify(lidar_robot_ws) by extension 'ignore'
[0.255s] Level 1:colcon.colcon_core.package_identification:_identify(lidar_robot_ws) by extension 'ignore_ament_install'
[0.255s] Level 1:colcon.colcon_core.package_identification:_identify(lidar_robot_ws) by extensions ['colcon_pkg']
[0.255s] Level 1:colcon.colcon_core.package_identification:_identify(lidar_robot_ws) by extension 'colcon_pkg'
[0.255s] Level 1:colcon.colcon_core.package_identification:_identify(lidar_robot_ws) by extensions ['colcon_meta']
[0.255s] Level 1:colcon.colcon_core.package_identification:_identify(lidar_robot_ws) by extension 'colcon_meta'
[0.255s] Level 1:colcon.colcon_core.package_identification:_identify(lidar_robot_ws) by extensions ['ros']
[0.255s] Level 1:colcon.colcon_core.package_identification:_identify(lidar_robot_ws) by extension 'ros'
[0.255s] Level 1:colcon.colcon_core.package_identification:_identify(lidar_robot_ws) by extensions ['cmake', 'python']
[0.255s] Level 1:colcon.colcon_core.package_identification:_identify(lidar_robot_ws) by extension 'cmake'
[0.255s] Level 1:colcon.colcon_core.package_identification:_identify(lidar_robot_ws) by extension 'python'
[0.255s] Level 1:colcon.colcon_core.package_identification:_identify(lidar_robot_ws) by extensions ['python_setup_py']
[0.255s] Level 1:colcon.colcon_core.package_identification:_identify(lidar_robot_ws) by extension 'python_setup_py'
[0.255s] Level 1:colcon.colcon_core.package_identification:_identify(lidar_robot_ws/build) by extensions ['ignore', 'ignore_ament_install']
[0.255s] Level 1:colcon.colcon_core.package_identification:_identify(lidar_robot_ws/build) by extension 'ignore'
[0.255s] Level 1:colcon.colcon_core.package_identification:_identify(lidar_robot_ws/build) ignored
[0.255s] Level 1:colcon.colcon_core.package_identification:_identify(lidar_robot_ws/install) by extensions ['ignore', 'ignore_ament_install']
[0.256s] Level 1:colcon.colcon_core.package_identification:_identify(lidar_robot_ws/install) by extension 'ignore'
[0.256s] Level 1:colcon.colcon_core.package_identification:_identify(lidar_robot_ws/install) ignored
[0.256s] Level 1:colcon.colcon_core.package_identification:_identify(lidar_robot_ws/log) by extensions ['ignore', 'ignore_ament_install']
[0.256s] Level 1:colcon.colcon_core.package_identification:_identify(lidar_robot_ws/log) by extension 'ignore'
[0.256s] Level 1:colcon.colcon_core.package_identification:_identify(lidar_robot_ws/log) ignored
[0.256s] Level 1:colcon.colcon_core.package_identification:_identify(lidar_robot_ws/src) by extensions ['ignore', 'ignore_ament_install']
[0.256s] Level 1:colcon.colcon_core.package_identification:_identify(lidar_robot_ws/src) by extension 'ignore'
[0.256s] Level 1:colcon.colcon_core.package_identification:_identify(lidar_robot_ws/src) by extension 'ignore_ament_install'
[0.256s] Level 1:colcon.colcon_core.package_identification:_identify(lidar_robot_ws/src) by extensions ['colcon_pkg']
[0.256s] Level 1:colcon.colcon_core.package_identification:_identify(lidar_robot_ws/src) by extension 'colcon_pkg'
[0.256s] Level 1:colcon.colcon_core.package_identification:_identify(lidar_robot_ws/src) by extensions ['colcon_meta']
[0.256s] Level 1:colcon.colcon_core.package_identification:_identify(lidar_robot_ws/src) by extension 'colcon_meta'
[0.256s] Level 1:colcon.colcon_core.package_identification:_identify(lidar_robot_ws/src) by extensions ['ros']
[0.256s] Level 1:colcon.colcon_core.package_identification:_identify(lidar_robot_ws/src) by extension 'ros'
[0.256s] Level 1:colcon.colcon_core.package_identification:_identify(lidar_robot_ws/src) by extensions ['cmake', 'python']
[0.256s] Level 1:colcon.colcon_core.package_identification:_identify(lidar_robot_ws/src) by extension 'cmake'
[0.256s] Level 1:colcon.colcon_core.package_identification:_identify(lidar_robot_ws/src) by extension 'python'
[0.256s] Level 1:colcon.colcon_core.package_identification:_identify(lidar_robot_ws/src) by extensions ['python_setup_py']
[0.256s] Level 1:colcon.colcon_core.package_identification:_identify(lidar_robot_ws/src) by extension 'python_setup_py'
[0.257s] Level 1:colcon.colcon_core.package_identification:_identify(lidar_robot_ws/src/ldlidar) by extensions ['ignore', 'ignore_ament_install']
[0.257s] Level 1:colcon.colcon_core.package_identification:_identify(lidar_robot_ws/src/ldlidar) by extension 'ignore'
[0.257s] Level 1:colcon.colcon_core.package_identification:_identify(lidar_robot_ws/src/ldlidar) by extension 'ignore_ament_install'
[0.257s] Level 1:colcon.colcon_core.package_identification:_identify(lidar_robot_ws/src/ldlidar) by extensions ['colcon_pkg']
[0.257s] Level 1:colcon.colcon_core.package_identification:_identify(lidar_robot_ws/src/ldlidar) by extension 'colcon_pkg'
[0.257s] Level 1:colcon.colcon_core.package_identification:_identify(lidar_robot_ws/src/ldlidar) by extensions ['colcon_meta']
[0.257s] Level 1:colcon.colcon_core.package_identification:_identify(lidar_robot_ws/src/ldlidar) by extension 'colcon_meta'
[0.257s] Level 1:colcon.colcon_core.package_identification:_identify(lidar_robot_ws/src/ldlidar) by extensions ['ros']
[0.257s] Level 1:colcon.colcon_core.package_identification:_identify(lidar_robot_ws/src/ldlidar) by extension 'ros'
[0.259s] DEBUG:colcon.colcon_core.package_identification:Package 'lidar_robot_ws/src/ldlidar' with type 'ros.ament_cmake' and name 'ldlidar'
[0.259s] Level 1:colcon.colcon_core.package_identification:_identify(lidar_robot_ws/src/my_bot_description) by extensions ['ignore', 'ignore_ament_install']
[0.259s] Level 1:colcon.colcon_core.package_identification:_identify(lidar_robot_ws/src/my_bot_description) by extension 'ignore'
[0.259s] Level 1:colcon.colcon_core.package_identification:_identify(lidar_robot_ws/src/my_bot_description) by extension 'ignore_ament_install'
[0.259s] Level 1:colcon.colcon_core.package_identification:_identify(lidar_robot_ws/src/my_bot_description) by extensions ['colcon_pkg']
[0.259s] Level 1:colcon.colcon_core.package_identification:_identify(lidar_robot_ws/src/my_bot_description) by extension 'colcon_pkg'
[0.259s] Level 1:colcon.colcon_core.package_identification:_identify(lidar_robot_ws/src/my_bot_description) by extensions ['colcon_meta']
[0.259s] Level 1:colcon.colcon_core.package_identification:_identify(lidar_robot_ws/src/my_bot_description) by extension 'colcon_meta'
[0.259s] Level 1:colcon.colcon_core.package_identification:_identify(lidar_robot_ws/src/my_bot_description) by extensions ['ros']
[0.259s] Level 1:colcon.colcon_core.package_identification:_identify(lidar_robot_ws/src/my_bot_description) by extension 'ros'
[0.260s] DEBUG:colcon.colcon_core.package_identification:Package 'lidar_robot_ws/src/my_bot_description' with type 'ros.ament_cmake' and name 'my_bot_description'
[0.260s] Level 1:colcon.colcon_core.package_identification:_identify(lidar_robot_ws/src/stm_custom_msgs) by extensions ['ignore', 'ignore_ament_install']
[0.260s] Level 1:colcon.colcon_core.package_identification:_identify(lidar_robot_ws/src/stm_custom_msgs) by extension 'ignore'
[0.260s] Level 1:colcon.colcon_core.package_identification:_identify(lidar_robot_ws/src/stm_custom_msgs) by extension 'ignore_ament_install'
[0.260s] Level 1:colcon.colcon_core.package_identification:_identify(lidar_robot_ws/src/stm_custom_msgs) by extensions ['colcon_pkg']
[0.260s] Level 1:colcon.colcon_core.package_identification:_identify(lidar_robot_ws/src/stm_custom_msgs) by extension 'colcon_pkg'
[0.260s] Level 1:colcon.colcon_core.package_identification:_identify(lidar_robot_ws/src/stm_custom_msgs) by extensions ['colcon_meta']
[0.260s] Level 1:colcon.colcon_core.package_identification:_identify(lidar_robot_ws/src/stm_custom_msgs) by extension 'colcon_meta'
[0.260s] Level 1:colcon.colcon_core.package_identification:_identify(lidar_robot_ws/src/stm_custom_msgs) by extensions ['ros']
[0.260s] Level 1:colcon.colcon_core.package_identification:_identify(lidar_robot_ws/src/stm_custom_msgs) by extension 'ros'
[0.261s] DEBUG:colcon.colcon_core.package_identification:Package 'lidar_robot_ws/src/stm_custom_msgs' with type 'ros.ament_cmake' and name 'stm_custom_msgs'
[0.261s] Level 1:colcon.colcon_core.package_identification:_identify(log) by extensions ['ignore', 'ignore_ament_install']
[0.261s] Level 1:colcon.colcon_core.package_identification:_identify(log) by extension 'ignore'
[0.261s] Level 1:colcon.colcon_core.package_identification:_identify(log) ignored
[0.261s] Level 1:colcon.colcon_core.package_discovery:discover_packages(recursive) using defaults
[0.261s] Level 1:colcon.colcon_core.package_discovery:discover_packages(ignore) discover
[0.261s] Level 1:colcon.colcon_core.package_discovery:discover_packages(ignore) using defaults
[0.261s] Level 1:colcon.colcon_core.package_discovery:discover_packages(path) discover
[0.261s] Level 1:colcon.colcon_core.package_discovery:discover_packages(path) using defaults
[0.282s] INFO:colcon.colcon_core.package_selection:Skipping not selected package 'ldlidar' in 'lidar_robot_ws/src/ldlidar'
[0.283s] INFO:colcon.colcon_core.package_selection:Skipping not selected package 'my_bot_description' in 'lidar_robot_ws/src/my_bot_description'
[0.283s] INFO:colcon.colcon_core.package_selection:Skipping not selected package 'testsilnika' in 'firmware'
[0.283s] Level 1:colcon.colcon_core.package_discovery:discover_packages(prefix_path) check parameters
[0.283s] Level 1:colcon.colcon_core.package_discovery:discover_packages(prefix_path) discover
[0.285s] DEBUG:colcon.colcon_installed_package_information.package_discovery:Found 283 installed packages in /opt/ros/humble
[0.286s] Level 1:colcon.colcon_core.package_discovery:discover_packages(prefix_path) using defaults
[0.314s] Level 5:colcon.colcon_core.verb:set package 'stm_custom_msgs' build argument 'cmake_args' from command line to 'None'
[0.314s] Level 5:colcon.colcon_core.verb:set package 'stm_custom_msgs' build argument 'cmake_target' from command line to 'None'
[0.314s] Level 5:colcon.colcon_core.verb:set package 'stm_custom_msgs' build argument 'cmake_target_skip_unavailable' from command line to 'False'
[0.314s] Level 5:colcon.colcon_core.verb:set package 'stm_custom_msgs' build argument 'cmake_clean_cache' from command line to 'False'
[0.314s] Level 5:colcon.colcon_core.verb:set package 'stm_custom_msgs' build argument 'cmake_clean_first' from command line to 'False'
[0.314s] Level 5:colcon.colcon_core.verb:set package 'stm_custom_msgs' build argument 'cmake_force_configure' from command line to 'False'
[0.314s] Level 5:colcon.colcon_core.verb:set package 'stm_custom_msgs' build argument 'ament_cmake_args' from command line to 'None'
[0.314s] Level 5:colcon.colcon_core.verb:set package 'stm_custom_msgs' build argument 'catkin_cmake_args' from command line to 'None'
[0.314s] Level 5:colcon.colcon_core.verb:set package 'stm_custom_msgs' build argument 'catkin_skip_building_tests' from command line to 'False'
[0.314s] DEBUG:colcon.colcon_core.verb:Building package 'stm_custom_msgs' with the following arguments: {'ament_cmake_args': None, 'build_base': '/home/kubekpc/Lidar_Robot/build/stm_custom_msgs', 'catkin_cmake_args': None, 'catkin_skip_building_tests': False, 'cmake_args': None, 'cmake_clean_cache': False, 'cmake_clean_first': False, 'cmake_force_configure': False, 'cmake_target': None, 'cmake_target_skip_unavailable': False, 'install_base': '/home/kubekpc/Lidar_Robot/install/stm_custom_msgs', 'merge_install': False, 'path': '/home/kubekpc/Lidar_Robot/lidar_robot_ws/src/stm_custom_msgs', 'symlink_install': False, 'test_result_base': None}
[0.314s] INFO:colcon.colcon_core.executor:Executing jobs using 'parallel' executor
[0.315s] DEBUG:colcon.colcon_parallel_executor.executor.parallel:run_until_complete
[0.315s] INFO:colcon.colcon_ros.task.ament_cmake.build:Building ROS package in '/home/kubekpc/Lidar_Robot/lidar_robot_ws/src/stm_custom_msgs' with build type 'ament_cmake'
[0.315s] INFO:colcon.colcon_cmake.task.cmake.build:Building CMake package in '/home/kubekpc/Lidar_Robot/lidar_robot_ws/src/stm_custom_msgs'
[0.316s] INFO:colcon.colcon_core.plugin_system:Skipping extension 'colcon_core.shell.bat': Not used on non-Windows systems
[0.317s] INFO:colcon.colcon_core.shell:Skip shell extension 'powershell' for command environment: Not usable outside of PowerShell
[0.317s] DEBUG:colcon.colcon_core.shell:Skip shell extension 'dsv' for command environment
[0.323s] DEBUG:colcon.colcon_core.event_handler.log_command:Invoking command in '/home/kubekpc/Lidar_Robot/build/stm_custom_msgs': CMAKE_PREFIX_PATH=/opt/ros/humble VIRTUAL_ENV_PROMPT=(zephyr_venv) /usr/bin/cmake /home/kubekpc/Lidar_Robot/lidar_robot_ws/src/stm_custom_msgs -DCMAKE_INSTALL_PREFIX=/home/kubekpc/Lidar_Robot/install/stm_custom_msgs
[1.171s] DEBUG:colcon.colcon_core.event_handler.log_command:Invoked command in '/home/kubekpc/Lidar_Robot/build/stm_custom_msgs' returned '0': CMAKE_PREFIX_PATH=/opt/ros/humble VIRTUAL_ENV_PROMPT=(zephyr_venv) /usr/bin/cmake /home/kubekpc/Lidar_Robot/lidar_robot_ws/src/stm_custom_msgs -DCMAKE_INSTALL_PREFIX=/home/kubekpc/Lidar_Robot/install/stm_custom_msgs
[1.173s] DEBUG:colcon.colcon_core.event_handler.log_command:Invoking command in '/home/kubekpc/Lidar_Robot/build/stm_custom_msgs': CMAKE_PREFIX_PATH=/opt/ros/humble VIRTUAL_ENV_PROMPT=(zephyr_venv) /usr/bin/cmake --build /home/kubekpc/Lidar_Robot/build/stm_custom_msgs -- -j16 -l16
[2.075s] DEBUG:colcon.colcon_core.event_handler.log_command:Invoked command in '/home/kubekpc/Lidar_Robot/build/stm_custom_msgs' returned '2': CMAKE_PREFIX_PATH=/opt/ros/humble VIRTUAL_ENV_PROMPT=(zephyr_venv) /usr/bin/cmake --build /home/kubekpc/Lidar_Robot/build/stm_custom_msgs -- -j16 -l16
[2.075s] Level 1:colcon.colcon_core.environment:create_environment_scripts_only(stm_custom_msgs)
[2.077s] Level 1:colcon.colcon_core.environment:checking '/home/kubekpc/Lidar_Robot/install/stm_custom_msgs' for CMake module files
[2.077s] Level 1:colcon.colcon_core.environment:checking '/home/kubekpc/Lidar_Robot/install/stm_custom_msgs' for CMake config files
[2.078s] Level 1:colcon.colcon_core.environment:checking '/home/kubekpc/Lidar_Robot/install/stm_custom_msgs/bin'
[2.078s] Level 1:colcon.colcon_core.environment:checking '/home/kubekpc/Lidar_Robot/install/stm_custom_msgs/lib/pkgconfig/stm_custom_msgs.pc'
[2.078s] Level 1:colcon.colcon_core.environment:checking '/home/kubekpc/Lidar_Robot/install/stm_custom_msgs/lib/python3.10/site-packages'
[2.079s] Level 1:colcon.colcon_core.environment:checking '/home/kubekpc/Lidar_Robot/install/stm_custom_msgs/bin'
[2.079s] INFO:colcon.colcon_core.shell:Creating package script '/home/kubekpc/Lidar_Robot/install/stm_custom_msgs/share/stm_custom_msgs/package.ps1'
[2.080s] INFO:colcon.colcon_core.shell:Creating package descriptor '/home/kubekpc/Lidar_Robot/install/stm_custom_msgs/share/stm_custom_msgs/package.dsv'
[2.080s] INFO:colcon.colcon_core.shell:Creating package script '/home/kubekpc/Lidar_Robot/install/stm_custom_msgs/share/stm_custom_msgs/package.sh'
[2.081s] INFO:colcon.colcon_core.shell:Creating package script '/home/kubekpc/Lidar_Robot/install/stm_custom_msgs/share/stm_custom_msgs/package.bash'
[2.081s] INFO:colcon.colcon_core.shell:Creating package script '/home/kubekpc/Lidar_Robot/install/stm_custom_msgs/share/stm_custom_msgs/package.zsh'
[2.082s] Level 1:colcon.colcon_core.environment:create_file_with_runtime_dependencies(/home/kubekpc/Lidar_Robot/install/stm_custom_msgs/share/colcon-core/packages/stm_custom_msgs)
[2.092s] DEBUG:colcon.colcon_parallel_executor.executor.parallel:closing loop
[2.093s] DEBUG:colcon.colcon_parallel_executor.executor.parallel:loop closed
[2.093s] DEBUG:colcon.colcon_parallel_executor.executor.parallel:run_until_complete finished with '2'
[2.093s] DEBUG:colcon.colcon_core.event_reactor:joining thread
[2.097s] INFO:colcon.colcon_core.plugin_system:Skipping extension 'colcon_notification.desktop_notification.terminal_notifier': Not used on non-Darwin systems
[2.097s] INFO:colcon.colcon_core.plugin_system:Skipping extension 'colcon_notification.desktop_notification.win32': Not used on non-Windows systems
[2.097s] INFO:colcon.colcon_notification.desktop_notification:Sending desktop notification using 'notify2'
[2.104s] DEBUG:colcon.colcon_core.event_reactor:joined thread
[2.105s] INFO:colcon.colcon_core.shell:Creating prefix script '/home/kubekpc/Lidar_Robot/install/local_setup.ps1'
[2.105s] INFO:colcon.colcon_core.shell:Creating prefix util module '/home/kubekpc/Lidar_Robot/install/_local_setup_util_ps1.py'
[2.106s] INFO:colcon.colcon_core.shell:Creating prefix chain script '/home/kubekpc/Lidar_Robot/install/setup.ps1'
[2.107s] INFO:colcon.colcon_core.shell:Creating prefix script '/home/kubekpc/Lidar_Robot/install/local_setup.sh'
[2.107s] INFO:colcon.colcon_core.shell:Creating prefix util module '/home/kubekpc/Lidar_Robot/install/_local_setup_util_sh.py'
[2.108s] INFO:colcon.colcon_core.shell:Creating prefix chain script '/home/kubekpc/Lidar_Robot/install/setup.sh'
[2.109s] INFO:colcon.colcon_core.shell:Creating prefix script '/home/kubekpc/Lidar_Robot/install/local_setup.bash'
[2.109s] INFO:colcon.colcon_core.shell:Creating prefix chain script '/home/kubekpc/Lidar_Robot/install/setup.bash'
[2.110s] INFO:colcon.colcon_core.shell:Creating prefix script '/home/kubekpc/Lidar_Robot/install/local_setup.zsh'
[2.110s] INFO:colcon.colcon_core.shell:Creating prefix chain script '/home/kubekpc/Lidar_Robot/install/setup.zsh'
