[0.007s] Invoking command in '/home/kubekpc/lidar_robot_ws/build/ldlidar': CMAKE_PREFIX_PATH=/opt/ros/humble /usr/bin/cmake /home/kubekpc/lidar_robot_ws/src/ldlidar -DCMAKE_INSTALL_PREFIX=/home/kubekpc/lidar_robot_ws/install/ldlidar
[0.087s] -- The C compiler identification is GNU 11.4.0
[0.152s] -- The CXX compiler identification is GNU 11.4.0
[0.160s] -- Detecting C compiler ABI info
[0.214s] -- Detecting C compiler ABI info - done
[0.221s] -- Check for working C compiler: /usr/bin/cc - skipped
[0.221s] -- Detecting C compile features
[0.222s] -- Detecting C compile features - done
[0.226s] -- Detecting CXX compiler ABI info
[0.287s] -- Detecting CXX compiler ABI info - done
[0.294s] -- Check for working CXX compiler: /usr/bin/c++ - skipped
[0.294s] -- Detecting CXX compile features
[0.294s] -- Detecting CXX compile features - done
[0.298s] -- Found ament_cmake: 1.3.14 (/opt/ros/humble/share/ament_cmake/cmake)
[0.399s] -- Found Python3: /usr/bin/python3 (found version "3.10.12") found components: Interpreter 
[0.465s] -- Found rclcpp: 16.0.19 (/opt/ros/humble/share/rclcpp/cmake)
[0.500s] -- Found rosidl_generator_c: 3.1.9 (/opt/ros/humble/share/rosidl_generator_c/cmake)
[0.504s] -- Found rosidl_adapter: 3.1.9 (/opt/ros/humble/share/rosidl_adapter/cmake)
[0.512s] -- Found rosidl_generator_cpp: 3.1.9 (/opt/ros/humble/share/rosidl_generator_cpp/cmake)
[0.523s] -- Using all available rosidl_typesupport_c: rosidl_typesupport_fastrtps_c;rosidl_typesupport_introspection_c
[0.536s] -- Using all available rosidl_typesupport_cpp: rosidl_typesupport_fastrtps_cpp;rosidl_typesupport_introspection_cpp
[0.572s] -- Found rmw_implementation_cmake: 6.1.2 (/opt/ros/humble/share/rmw_implementation_cmake/cmake)
[0.574s] -- Found rmw_fastrtps_cpp: 6.2.10 (/opt/ros/humble/share/rmw_fastrtps_cpp/cmake)
[0.647s] -- Found OpenSSL: /usr/lib/x86_64-linux-gnu/libcrypto.so (found version "3.0.2")  
[0.667s] -- Found FastRTPS: /opt/ros/humble/include  
[0.697s] -- Using RMW implementation 'rmw_fastrtps_cpp' as default
[0.704s] -- Looking for pthread.h
[0.762s] -- Looking for pthread.h - found
[0.763s] -- Performing Test CMAKE_HAVE_LIBC_PTHREAD
[0.816s] -- Performing Test CMAKE_HAVE_LIBC_PTHREAD - Success
[0.817s] -- Found Threads: TRUE  
[0.861s] -- Found sensor_msgs: 4.9.1 (/opt/ros/humble/share/sensor_msgs/cmake)
[0.928s] -- Configuring done
[0.936s] -- Generating done
[0.939s] -- Build files have been written to: /home/kubekpc/lidar_robot_ws/build/ldlidar
[0.946s] Invoked command in '/home/kubekpc/lidar_robot_ws/build/ldlidar' returned '0': CMAKE_PREFIX_PATH=/opt/ros/humble /usr/bin/cmake /home/kubekpc/lidar_robot_ws/src/ldlidar -DCMAKE_INSTALL_PREFIX=/home/kubekpc/lidar_robot_ws/install/ldlidar
[0.947s] Invoking command in '/home/kubekpc/lidar_robot_ws/build/ldlidar': CMAKE_PREFIX_PATH=/opt/ros/humble /usr/bin/cmake --build /home/kubekpc/lidar_robot_ws/build/ldlidar -- -j16 -l16
[0.983s] [ 16%] [32mBuilding CXX object CMakeFiles/ldlidar.dir/src/cmd_interface_linux.cpp.o[0m
[0.984s] [ 50%] [32mBuilding CXX object CMakeFiles/ldlidar.dir/src/ldlidar_node.cpp.o[0m
[0.984s] [ 50%] [32mBuilding CXX object CMakeFiles/ldlidar.dir/src/ldlidar.cpp.o[0m
[0.984s] [ 66%] [32mBuilding CXX object CMakeFiles/ldlidar.dir/src/lipkg.cpp.o[0m
[0.984s] [ 83%] [32mBuilding CXX object CMakeFiles/ldlidar.dir/src/tofbf.cpp.o[0m
[2.011s] [01m[K/home/kubekpc/lidar_robot_ws/src/ldlidar/src/lipkg.cpp:[m[K In member function ‘[01m[Kvoid LiPkg::ToLaserscan(std::vector<PointData>)[m[K’:
[2.011s] [01m[K/home/kubekpc/lidar_robot_ws/src/ldlidar/src/lipkg.cpp:258:29:[m[K [01;35m[Kwarning: [m[Kcomparison of integer expressions of different signedness: ‘[01m[Kint[m[K’ and ‘[01m[Kunsigned int[m[K’ [[01;35m[K]8;;https://gcc.gnu.org/onlinedocs/gcc/Warning-Options.html#index-Wsign-compare-Wsign-compare]8;;[m[K]
[2.011s]   258 |     if (index >= 0 && [01;35m[Kindex < beam_size_[m[K)
[2.011s]       |                       [01;35m[K~~~~~~^~~~~~~~~~~~[m[K
[3.862s] [100%] [32m[1mLinking CXX executable ldlidar[0m
[4.027s] [100%] Built target ldlidar
[4.036s] Invoked command in '/home/kubekpc/lidar_robot_ws/build/ldlidar' returned '0': CMAKE_PREFIX_PATH=/opt/ros/humble /usr/bin/cmake --build /home/kubekpc/lidar_robot_ws/build/ldlidar -- -j16 -l16
[4.044s] Invoking command in '/home/kubekpc/lidar_robot_ws/build/ldlidar': CMAKE_PREFIX_PATH=/opt/ros/humble /usr/bin/cmake --install /home/kubekpc/lidar_robot_ws/build/ldlidar
[4.049s] -- Install configuration: ""
[4.050s] -- Installing: /home/kubekpc/lidar_robot_ws/install/ldlidar/lib/ldlidar/ldlidar
[4.051s] -- Set runtime path of "/home/kubekpc/lidar_robot_ws/install/ldlidar/lib/ldlidar/ldlidar" to ""
[4.051s] -- Installing: /home/kubekpc/lidar_robot_ws/install/ldlidar/share/ldlidar/launch
[4.051s] -- Installing: /home/kubekpc/lidar_robot_ws/install/ldlidar/share/ldlidar/launch/ldlidar.launch.py
[4.051s] -- Installing: /home/kubekpc/lidar_robot_ws/install/ldlidar/share/ldlidar/rviz
[4.051s] -- Installing: /home/kubekpc/lidar_robot_ws/install/ldlidar/share/ldlidar/rviz/ldlidar.rviz
[4.051s] -- Installing: /home/kubekpc/lidar_robot_ws/install/ldlidar/share/ament_index/resource_index/package_run_dependencies/ldlidar
[4.052s] -- Installing: /home/kubekpc/lidar_robot_ws/install/ldlidar/share/ament_index/resource_index/parent_prefix_path/ldlidar
[4.052s] -- Installing: /home/kubekpc/lidar_robot_ws/install/ldlidar/share/ldlidar/environment/ament_prefix_path.sh
[4.052s] -- Installing: /home/kubekpc/lidar_robot_ws/install/ldlidar/share/ldlidar/environment/ament_prefix_path.dsv
[4.052s] -- Installing: /home/kubekpc/lidar_robot_ws/install/ldlidar/share/ldlidar/environment/path.sh
[4.052s] -- Installing: /home/kubekpc/lidar_robot_ws/install/ldlidar/share/ldlidar/environment/path.dsv
[4.052s] -- Installing: /home/kubekpc/lidar_robot_ws/install/ldlidar/share/ldlidar/local_setup.bash
[4.052s] -- Installing: /home/kubekpc/lidar_robot_ws/install/ldlidar/share/ldlidar/local_setup.sh
[4.053s] -- Installing: /home/kubekpc/lidar_robot_ws/install/ldlidar/share/ldlidar/local_setup.zsh
[4.053s] -- Installing: /home/kubekpc/lidar_robot_ws/install/ldlidar/share/ldlidar/local_setup.dsv
[4.053s] -- Installing: /home/kubekpc/lidar_robot_ws/install/ldlidar/share/ldlidar/package.dsv
[4.053s] -- Installing: /home/kubekpc/lidar_robot_ws/install/ldlidar/share/ament_index/resource_index/packages/ldlidar
[4.053s] -- Installing: /home/kubekpc/lidar_robot_ws/install/ldlidar/share/ldlidar/cmake/ldlidarConfig.cmake
[4.053s] -- Installing: /home/kubekpc/lidar_robot_ws/install/ldlidar/share/ldlidar/cmake/ldlidarConfig-version.cmake
[4.053s] -- Installing: /home/kubekpc/lidar_robot_ws/install/ldlidar/share/ldlidar/package.xml
[4.055s] Invoked command in '/home/kubekpc/lidar_robot_ws/build/ldlidar' returned '0': CMAKE_PREFIX_PATH=/opt/ros/humble /usr/bin/cmake --install /home/kubekpc/lidar_robot_ws/build/ldlidar
