[0.008s] Invoking command in '/home/kubekpc/Lidar_Robot/lidar_robot_ws/build/my_bot_description': CMAKE_PREFIX_PATH=${CMAKE_PREFIX_PATH}:/opt/ros/humble /usr/bin/cmake --build /home/kubekpc/Lidar_Robot/lidar_robot_ws/build/my_bot_description -- -j16 -l16
[0.036s] Invoked command in '/home/kubekpc/Lidar_Robot/lidar_robot_ws/build/my_bot_description' returned '0': CMAKE_PREFIX_PATH=${CMAKE_PREFIX_PATH}:/opt/ros/humble /usr/bin/cmake --build /home/kubekpc/Lidar_Robot/lidar_robot_ws/build/my_bot_description -- -j16 -l16
[0.044s] Invoking command in '/home/kubekpc/Lidar_Robot/lidar_robot_ws/build/my_bot_description': CMAKE_PREFIX_PATH=${CMAKE_PREFIX_PATH}:/opt/ros/humble /usr/bin/cmake --install /home/kubekpc/Lidar_Robot/lidar_robot_ws/build/my_bot_description
[0.049s] -- Install configuration: ""
[0.049s] -- Up-to-date: /home/kubekpc/Lidar_Robot/lidar_robot_ws/install/my_bot_description/share/my_bot_description/launch
[0.049s] -- Up-to-date: /home/kubekpc/Lidar_Robot/lidar_robot_ws/install/my_bot_description/share/my_bot_description/launch/bringup.launch.py
[0.049s] -- Up-to-date: /home/kubekpc/Lidar_Robot/lidar_robot_ws/install/my_bot_description/share/my_bot_description/launch/teleop.launch.py
[0.049s] -- Up-to-date: /home/kubekpc/Lidar_Robot/lidar_robot_ws/install/my_bot_description/share/my_bot_description/launch/launch_sim.launch.py
[0.049s] -- Up-to-date: /home/kubekpc/Lidar_Robot/lidar_robot_ws/install/my_bot_description/share/my_bot_description/launch/rsp.launch.py
[0.049s] -- Up-to-date: /home/kubekpc/Lidar_Robot/lidar_robot_ws/install/my_bot_description/share/my_bot_description/description
[0.050s] -- Up-to-date: /home/kubekpc/Lidar_Robot/lidar_robot_ws/install/my_bot_description/share/my_bot_description/description/robot.urdf.xacro
[0.050s] -- Up-to-date: /home/kubekpc/Lidar_Robot/lidar_robot_ws/install/my_bot_description/share/my_bot_description/description/gazebo_control.xacro
[0.050s] -- Up-to-date: /home/kubekpc/Lidar_Robot/lidar_robot_ws/install/my_bot_description/share/my_bot_description/description/inertial_macros.xacro
[0.050s] -- Up-to-date: /home/kubekpc/Lidar_Robot/lidar_robot_ws/install/my_bot_description/share/my_bot_description/description/robot_core.xacro
[0.050s] -- Up-to-date: /home/kubekpc/Lidar_Robot/lidar_robot_ws/install/my_bot_description/share/my_bot_description/description/lidar.xacro
[0.050s] -- Up-to-date: /home/kubekpc/Lidar_Robot/lidar_robot_ws/install/my_bot_description/share/my_bot_description/rviz
[0.050s] -- Up-to-date: /home/kubekpc/Lidar_Robot/lidar_robot_ws/install/my_bot_description/share/my_bot_description/config
[0.050s] -- Up-to-date: /home/kubekpc/Lidar_Robot/lidar_robot_ws/install/my_bot_description/share/my_bot_description/config/teleop.yaml
[0.050s] -- Up-to-date: /home/kubekpc/Lidar_Robot/lidar_robot_ws/install/my_bot_description/share/ament_index/resource_index/package_run_dependencies/my_bot_description
[0.050s] -- Up-to-date: /home/kubekpc/Lidar_Robot/lidar_robot_ws/install/my_bot_description/share/ament_index/resource_index/parent_prefix_path/my_bot_description
[0.050s] -- Up-to-date: /home/kubekpc/Lidar_Robot/lidar_robot_ws/install/my_bot_description/share/my_bot_description/environment/ament_prefix_path.sh
[0.050s] -- Up-to-date: /home/kubekpc/Lidar_Robot/lidar_robot_ws/install/my_bot_description/share/my_bot_description/environment/ament_prefix_path.dsv
[0.050s] -- Up-to-date: /home/kubekpc/Lidar_Robot/lidar_robot_ws/install/my_bot_description/share/my_bot_description/environment/path.sh
[0.050s] -- Up-to-date: /home/kubekpc/Lidar_Robot/lidar_robot_ws/install/my_bot_description/share/my_bot_description/environment/path.dsv
[0.050s] -- Up-to-date: /home/kubekpc/Lidar_Robot/lidar_robot_ws/install/my_bot_description/share/my_bot_description/local_setup.bash
[0.050s] -- Up-to-date: /home/kubekpc/Lidar_Robot/lidar_robot_ws/install/my_bot_description/share/my_bot_description/local_setup.sh
[0.050s] -- Up-to-date: /home/kubekpc/Lidar_Robot/lidar_robot_ws/install/my_bot_description/share/my_bot_description/local_setup.zsh
[0.050s] -- Up-to-date: /home/kubekpc/Lidar_Robot/lidar_robot_ws/install/my_bot_description/share/my_bot_description/local_setup.dsv
[0.050s] -- Installing: /home/kubekpc/Lidar_Robot/lidar_robot_ws/install/my_bot_description/share/my_bot_description/package.dsv
[0.050s] -- Up-to-date: /home/kubekpc/Lidar_Robot/lidar_robot_ws/install/my_bot_description/share/ament_index/resource_index/packages/my_bot_description
[0.051s] -- Up-to-date: /home/kubekpc/Lidar_Robot/lidar_robot_ws/install/my_bot_description/share/my_bot_description/cmake/my_bot_descriptionConfig.cmake
[0.051s] -- Up-to-date: /home/kubekpc/Lidar_Robot/lidar_robot_ws/install/my_bot_description/share/my_bot_description/cmake/my_bot_descriptionConfig-version.cmake
[0.051s] -- Up-to-date: /home/kubekpc/Lidar_Robot/lidar_robot_ws/install/my_bot_description/share/my_bot_description/package.xml
[0.051s] Invoked command in '/home/kubekpc/Lidar_Robot/lidar_robot_ws/build/my_bot_description' returned '0': CMAKE_PREFIX_PATH=${CMAKE_PREFIX_PATH}:/opt/ros/humble /usr/bin/cmake --install /home/kubekpc/Lidar_Robot/lidar_robot_ws/build/my_bot_description
