[0.007s] Invoking command in '/home/kubekpc/Lidar_Robot/lidar_robot_ws/build/my_bot_description': CMAKE_PREFIX_PATH=/opt/ros/humble /usr/bin/cmake --build /home/kubekpc/Lidar_Robot/lidar_robot_ws/build/my_bot_description -- -j16 -l16
[0.022s] -- Found ament_cmake: 1.3.14 (/opt/ros/humble/share/ament_cmake/cmake)
[0.107s] -- Found ament_lint_auto: 0.12.15 (/opt/ros/humble/share/ament_lint_auto/cmake)
[0.152s] -- Added test 'flake8' to check Python code syntax and style conventions
[0.152s] -- Added test 'lint_cmake' to check CMake code style
[0.153s] -- Added test 'pep257' to check Python code against some of the docstring style conventions in PEP 257
[0.154s] -- Added test 'xmllint' to check XML markup files
[0.154s] -- Configuring done
[0.157s] -- Generating done
[0.159s] -- Build files have been written to: /home/kubekpc/Lidar_Robot/lidar_robot_ws/build/my_bot_description
[0.175s] Invoked command in '/home/kubekpc/Lidar_Robot/lidar_robot_ws/build/my_bot_description' returned '0': CMAKE_PREFIX_PATH=/opt/ros/humble /usr/bin/cmake --build /home/kubekpc/Lidar_Robot/lidar_robot_ws/build/my_bot_description -- -j16 -l16
[0.176s] Invoking command in '/home/kubekpc/Lidar_Robot/lidar_robot_ws/build/my_bot_description': CMAKE_PREFIX_PATH=/opt/ros/humble /usr/bin/cmake --install /home/kubekpc/Lidar_Robot/lidar_robot_ws/build/my_bot_description
[0.181s] -- Install configuration: ""
[0.181s] -- Up-to-date: /home/kubekpc/Lidar_Robot/lidar_robot_ws/install/my_bot_description/share/my_bot_description/launch
[0.181s] -- Installing: /home/kubekpc/Lidar_Robot/lidar_robot_ws/install/my_bot_description/share/my_bot_description/launch/bringup.launch.py
[0.181s] -- Installing: /home/kubekpc/Lidar_Robot/lidar_robot_ws/install/my_bot_description/share/my_bot_description/launch/teleop.launch.py
[0.181s] -- Up-to-date: /home/kubekpc/Lidar_Robot/lidar_robot_ws/install/my_bot_description/share/my_bot_description/launch/launch_sim.launch.py
[0.181s] -- Up-to-date: /home/kubekpc/Lidar_Robot/lidar_robot_ws/install/my_bot_description/share/my_bot_description/launch/rsp.launch.py
[0.181s] -- Up-to-date: /home/kubekpc/Lidar_Robot/lidar_robot_ws/install/my_bot_description/share/my_bot_description/description
[0.182s] -- Up-to-date: /home/kubekpc/Lidar_Robot/lidar_robot_ws/install/my_bot_description/share/my_bot_description/description/robot.urdf.xacro
[0.182s] -- Up-to-date: /home/kubekpc/Lidar_Robot/lidar_robot_ws/install/my_bot_description/share/my_bot_description/description/gazebo_control.xacro
[0.182s] -- Up-to-date: /home/kubekpc/Lidar_Robot/lidar_robot_ws/install/my_bot_description/share/my_bot_description/description/inertial_macros.xacro
[0.182s] -- Up-to-date: /home/kubekpc/Lidar_Robot/lidar_robot_ws/install/my_bot_description/share/my_bot_description/description/robot_core.xacro
[0.182s] -- Up-to-date: /home/kubekpc/Lidar_Robot/lidar_robot_ws/install/my_bot_description/share/my_bot_description/description/lidar.xacro
[0.182s] -- Up-to-date: /home/kubekpc/Lidar_Robot/lidar_robot_ws/install/my_bot_description/share/my_bot_description/rviz
[0.182s] -- Installing: /home/kubekpc/Lidar_Robot/lidar_robot_ws/install/my_bot_description/share/my_bot_description/config
[0.182s] -- Installing: /home/kubekpc/Lidar_Robot/lidar_robot_ws/install/my_bot_description/share/my_bot_description/config/teleop.yaml
[0.182s] -- Up-to-date: /home/kubekpc/Lidar_Robot/lidar_robot_ws/install/my_bot_description/share/ament_index/resource_index/package_run_dependencies/my_bot_description
[0.182s] -- Installing: /home/kubekpc/Lidar_Robot/lidar_robot_ws/install/my_bot_description/share/ament_index/resource_index/parent_prefix_path/my_bot_description
[0.182s] -- Up-to-date: /home/kubekpc/Lidar_Robot/lidar_robot_ws/install/my_bot_description/share/my_bot_description/environment/ament_prefix_path.sh
[0.182s] -- Installing: /home/kubekpc/Lidar_Robot/lidar_robot_ws/install/my_bot_description/share/my_bot_description/environment/ament_prefix_path.dsv
[0.182s] -- Up-to-date: /home/kubekpc/Lidar_Robot/lidar_robot_ws/install/my_bot_description/share/my_bot_description/environment/path.sh
[0.182s] -- Installing: /home/kubekpc/Lidar_Robot/lidar_robot_ws/install/my_bot_description/share/my_bot_description/environment/path.dsv
[0.182s] -- Up-to-date: /home/kubekpc/Lidar_Robot/lidar_robot_ws/install/my_bot_description/share/my_bot_description/local_setup.bash
[0.182s] -- Up-to-date: /home/kubekpc/Lidar_Robot/lidar_robot_ws/install/my_bot_description/share/my_bot_description/local_setup.sh
[0.182s] -- Up-to-date: /home/kubekpc/Lidar_Robot/lidar_robot_ws/install/my_bot_description/share/my_bot_description/local_setup.zsh
[0.182s] -- Installing: /home/kubekpc/Lidar_Robot/lidar_robot_ws/install/my_bot_description/share/my_bot_description/local_setup.dsv
[0.183s] -- Installing: /home/kubekpc/Lidar_Robot/lidar_robot_ws/install/my_bot_description/share/my_bot_description/package.dsv
[0.183s] -- Up-to-date: /home/kubekpc/Lidar_Robot/lidar_robot_ws/install/my_bot_description/share/ament_index/resource_index/packages/my_bot_description
[0.183s] -- Up-to-date: /home/kubekpc/Lidar_Robot/lidar_robot_ws/install/my_bot_description/share/my_bot_description/cmake/my_bot_descriptionConfig.cmake
[0.183s] -- Up-to-date: /home/kubekpc/Lidar_Robot/lidar_robot_ws/install/my_bot_description/share/my_bot_description/cmake/my_bot_descriptionConfig-version.cmake
[0.183s] -- Up-to-date: /home/kubekpc/Lidar_Robot/lidar_robot_ws/install/my_bot_description/share/my_bot_description/package.xml
[0.184s] Invoked command in '/home/kubekpc/Lidar_Robot/lidar_robot_ws/build/my_bot_description' returned '0': CMAKE_PREFIX_PATH=/opt/ros/humble /usr/bin/cmake --install /home/kubekpc/Lidar_Robot/lidar_robot_ws/build/my_bot_description
