[0.006s] Invoking command in '/home/kubekpc/Lidar_Robot/lidar_robot_ws/build/my_bot_description': CMAKE_PREFIX_PATH=${CMAKE_PREFIX_PATH}:/opt/ros/humble /usr/bin/cmake /home/kubekpc/Lidar_Robot/lidar_robot_ws/src/my_bot_description -DCMAKE_INSTALL_PREFIX=/home/kubekpc/Lidar_Robot/lidar_robot_ws/install/my_bot_description
[0.044s] -- The C compiler identification is GNU 11.4.0
[0.085s] -- The CXX compiler identification is GNU 11.4.0
[0.090s] -- Detecting C compiler ABI info
[0.140s] -- Detecting C compiler ABI info - done
[0.144s] -- Check for working C compiler: /usr/bin/cc - skipped
[0.145s] -- Detecting C compile features
[0.145s] -- Detecting C compile features - done
[0.147s] -- Detecting CXX compiler ABI info
[0.204s] -- Detecting CXX compiler ABI info - done
[0.209s] -- Check for working CXX compiler: /usr/bin/c++ - skipped
[0.209s] -- Detecting CXX compile features
[0.209s] -- Detecting CXX compile features - done
[0.211s] -- Found ament_cmake: 1.3.14 (/opt/ros/humble/share/ament_cmake/cmake)
[0.310s] -- Found Python3: /usr/bin/python3 (found version "3.10.12") found components: Interpreter 
[0.370s] -- Found ament_lint_auto: 0.12.15 (/opt/ros/humble/share/ament_lint_auto/cmake)
[0.423s] -- Added test 'flake8' to check Python code syntax and style conventions
[0.423s] -- Added test 'lint_cmake' to check CMake code style
[0.424s] -- Added test 'pep257' to check Python code against some of the docstring style conventions in PEP 257
[0.425s] -- Added test 'xmllint' to check XML markup files
[0.426s] -- Configuring done
[0.428s] -- Generating done
[0.430s] -- Build files have been written to: /home/kubekpc/Lidar_Robot/lidar_robot_ws/build/my_bot_description
[0.433s] Invoked command in '/home/kubekpc/Lidar_Robot/lidar_robot_ws/build/my_bot_description' returned '0': CMAKE_PREFIX_PATH=${CMAKE_PREFIX_PATH}:/opt/ros/humble /usr/bin/cmake /home/kubekpc/Lidar_Robot/lidar_robot_ws/src/my_bot_description -DCMAKE_INSTALL_PREFIX=/home/kubekpc/Lidar_Robot/lidar_robot_ws/install/my_bot_description
[0.434s] Invoking command in '/home/kubekpc/Lidar_Robot/lidar_robot_ws/build/my_bot_description': CMAKE_PREFIX_PATH=${CMAKE_PREFIX_PATH}:/opt/ros/humble /usr/bin/cmake --build /home/kubekpc/Lidar_Robot/lidar_robot_ws/build/my_bot_description -- -j16 -l16
[0.463s] Invoked command in '/home/kubekpc/Lidar_Robot/lidar_robot_ws/build/my_bot_description' returned '0': CMAKE_PREFIX_PATH=${CMAKE_PREFIX_PATH}:/opt/ros/humble /usr/bin/cmake --build /home/kubekpc/Lidar_Robot/lidar_robot_ws/build/my_bot_description -- -j16 -l16
[0.470s] Invoking command in '/home/kubekpc/Lidar_Robot/lidar_robot_ws/build/my_bot_description': CMAKE_PREFIX_PATH=${CMAKE_PREFIX_PATH}:/opt/ros/humble /usr/bin/cmake --install /home/kubekpc/Lidar_Robot/lidar_robot_ws/build/my_bot_description
[0.475s] -- Install configuration: ""
[0.475s] -- Installing: /home/kubekpc/Lidar_Robot/lidar_robot_ws/install/my_bot_description/share/my_bot_description/launch
[0.475s] -- Installing: /home/kubekpc/Lidar_Robot/lidar_robot_ws/install/my_bot_description/share/my_bot_description/launch/launch_sim.launch.py
[0.475s] -- Installing: /home/kubekpc/Lidar_Robot/lidar_robot_ws/install/my_bot_description/share/my_bot_description/launch/rsp.launch.py
[0.475s] -- Installing: /home/kubekpc/Lidar_Robot/lidar_robot_ws/install/my_bot_description/share/my_bot_description/description
[0.476s] -- Installing: /home/kubekpc/Lidar_Robot/lidar_robot_ws/install/my_bot_description/share/my_bot_description/description/robot.urdf.xacro
[0.476s] -- Installing: /home/kubekpc/Lidar_Robot/lidar_robot_ws/install/my_bot_description/share/my_bot_description/description/gazebo_control.xacro
[0.476s] -- Installing: /home/kubekpc/Lidar_Robot/lidar_robot_ws/install/my_bot_description/share/my_bot_description/description/inertial_macros.xacro
[0.476s] -- Installing: /home/kubekpc/Lidar_Robot/lidar_robot_ws/install/my_bot_description/share/my_bot_description/description/robot_core.xacro
[0.476s] -- Installing: /home/kubekpc/Lidar_Robot/lidar_robot_ws/install/my_bot_description/share/my_bot_description/description/lidar.xacro
[0.476s] -- Installing: /home/kubekpc/Lidar_Robot/lidar_robot_ws/install/my_bot_description/share/my_bot_description/rviz
[0.476s] -- Installing: /home/kubekpc/Lidar_Robot/lidar_robot_ws/install/my_bot_description/share/ament_index/resource_index/package_run_dependencies/my_bot_description
[0.476s] -- Installing: /home/kubekpc/Lidar_Robot/lidar_robot_ws/install/my_bot_description/share/ament_index/resource_index/parent_prefix_path/my_bot_description
[0.477s] -- Installing: /home/kubekpc/Lidar_Robot/lidar_robot_ws/install/my_bot_description/share/my_bot_description/environment/ament_prefix_path.sh
[0.477s] -- Installing: /home/kubekpc/Lidar_Robot/lidar_robot_ws/install/my_bot_description/share/my_bot_description/environment/ament_prefix_path.dsv
[0.477s] -- Installing: /home/kubekpc/Lidar_Robot/lidar_robot_ws/install/my_bot_description/share/my_bot_description/environment/path.sh
[0.477s] -- Installing: /home/kubekpc/Lidar_Robot/lidar_robot_ws/install/my_bot_description/share/my_bot_description/environment/path.dsv
[0.477s] -- Installing: /home/kubekpc/Lidar_Robot/lidar_robot_ws/install/my_bot_description/share/my_bot_description/local_setup.bash
[0.477s] -- Installing: /home/kubekpc/Lidar_Robot/lidar_robot_ws/install/my_bot_description/share/my_bot_description/local_setup.sh
[0.477s] -- Installing: /home/kubekpc/Lidar_Robot/lidar_robot_ws/install/my_bot_description/share/my_bot_description/local_setup.zsh
[0.478s] -- Installing: /home/kubekpc/Lidar_Robot/lidar_robot_ws/install/my_bot_description/share/my_bot_description/local_setup.dsv
[0.478s] -- Installing: /home/kubekpc/Lidar_Robot/lidar_robot_ws/install/my_bot_description/share/my_bot_description/package.dsv
[0.478s] -- Installing: /home/kubekpc/Lidar_Robot/lidar_robot_ws/install/my_bot_description/share/ament_index/resource_index/packages/my_bot_description
[0.478s] -- Installing: /home/kubekpc/Lidar_Robot/lidar_robot_ws/install/my_bot_description/share/my_bot_description/cmake/my_bot_descriptionConfig.cmake
[0.478s] -- Installing: /home/kubekpc/Lidar_Robot/lidar_robot_ws/install/my_bot_description/share/my_bot_description/cmake/my_bot_descriptionConfig-version.cmake
[0.478s] -- Installing: /home/kubekpc/Lidar_Robot/lidar_robot_ws/install/my_bot_description/share/my_bot_description/package.xml
[0.480s] Invoked command in '/home/kubekpc/Lidar_Robot/lidar_robot_ws/build/my_bot_description' returned '0': CMAKE_PREFIX_PATH=${CMAKE_PREFIX_PATH}:/opt/ros/humble /usr/bin/cmake --install /home/kubekpc/Lidar_Robot/lidar_robot_ws/build/my_bot_description
