[0.014s] Invoking command in '/home/kubekpc/lidar_robot_ws/build/my_bot_description': CMAKE_PREFIX_PATH=/opt/ros/humble /usr/bin/cmake /home/kubekpc/lidar_robot_ws/src/my_bot_description -DCMAKE_INSTALL_PREFIX=/home/kubekpc/lidar_robot_ws/install/my_bot_description
[0.078s] -- The C compiler identification is GNU 11.4.0
[0.135s] -- The CXX compiler identification is GNU 11.4.0
[0.143s] -- Detecting C compiler ABI info
[0.196s] -- Detecting C compiler ABI info - done
[0.202s] -- Check for working C compiler: /usr/bin/cc - skipped
[0.203s] -- Detecting C compile features
[0.203s] -- Detecting C compile features - done
[0.207s] -- Detecting CXX compiler ABI info
[0.267s] -- Detecting CXX compiler ABI info - done
[0.274s] -- Check for working CXX compiler: /usr/bin/c++ - skipped
[0.274s] -- Detecting CXX compile features
[0.275s] -- Detecting CXX compile features - done
[0.279s] -- Found ament_cmake: 1.3.14 (/opt/ros/humble/share/ament_cmake/cmake)
[0.377s] -- Found Python3: /usr/bin/python3 (found version "3.10.12") found components: Interpreter 
[0.446s] -- Found ament_lint_auto: 0.12.15 (/opt/ros/humble/share/ament_lint_auto/cmake)
[0.500s] -- Added test 'flake8' to check Python code syntax and style conventions
[0.501s] -- Added test 'lint_cmake' to check CMake code style
[0.501s] -- Added test 'pep257' to check Python code against some of the docstring style conventions in PEP 257
[0.502s] -- Added test 'xmllint' to check XML markup files
[0.503s] -- Configuring done
[0.506s] -- Generating done
[0.508s] -- Build files have been written to: /home/kubekpc/lidar_robot_ws/build/my_bot_description
[0.511s] Invoked command in '/home/kubekpc/lidar_robot_ws/build/my_bot_description' returned '0': CMAKE_PREFIX_PATH=/opt/ros/humble /usr/bin/cmake /home/kubekpc/lidar_robot_ws/src/my_bot_description -DCMAKE_INSTALL_PREFIX=/home/kubekpc/lidar_robot_ws/install/my_bot_description
[0.512s] Invoking command in '/home/kubekpc/lidar_robot_ws/build/my_bot_description': CMAKE_PREFIX_PATH=/opt/ros/humble /usr/bin/cmake --build /home/kubekpc/lidar_robot_ws/build/my_bot_description -- -j16 -l16
[0.540s] Invoked command in '/home/kubekpc/lidar_robot_ws/build/my_bot_description' returned '0': CMAKE_PREFIX_PATH=/opt/ros/humble /usr/bin/cmake --build /home/kubekpc/lidar_robot_ws/build/my_bot_description -- -j16 -l16
[0.547s] Invoking command in '/home/kubekpc/lidar_robot_ws/build/my_bot_description': CMAKE_PREFIX_PATH=/opt/ros/humble /usr/bin/cmake --install /home/kubekpc/lidar_robot_ws/build/my_bot_description
[0.552s] -- Install configuration: ""
[0.552s] -- Installing: /home/kubekpc/lidar_robot_ws/install/my_bot_description/share/my_bot_description/launch
[0.552s] -- Installing: /home/kubekpc/lidar_robot_ws/install/my_bot_description/share/my_bot_description/launch/rsp.launch.py
[0.553s] -- Installing: /home/kubekpc/lidar_robot_ws/install/my_bot_description/share/my_bot_description/description
[0.553s] -- Installing: /home/kubekpc/lidar_robot_ws/install/my_bot_description/share/my_bot_description/description/robot.urdf.xacro
[0.553s] -- Installing: /home/kubekpc/lidar_robot_ws/install/my_bot_description/share/my_bot_description/description/robot_core.xacro
[0.553s] -- Installing: /home/kubekpc/lidar_robot_ws/install/my_bot_description/share/my_bot_description/rviz
[0.553s] -- Installing: /home/kubekpc/lidar_robot_ws/install/my_bot_description/share/ament_index/resource_index/package_run_dependencies/my_bot_description
[0.553s] -- Installing: /home/kubekpc/lidar_robot_ws/install/my_bot_description/share/ament_index/resource_index/parent_prefix_path/my_bot_description
[0.553s] -- Installing: /home/kubekpc/lidar_robot_ws/install/my_bot_description/share/my_bot_description/environment/ament_prefix_path.sh
[0.553s] -- Installing: /home/kubekpc/lidar_robot_ws/install/my_bot_description/share/my_bot_description/environment/ament_prefix_path.dsv
[0.554s] -- Installing: /home/kubekpc/lidar_robot_ws/install/my_bot_description/share/my_bot_description/environment/path.sh
[0.554s] -- Installing: /home/kubekpc/lidar_robot_ws/install/my_bot_description/share/my_bot_description/environment/path.dsv
[0.554s] -- Installing: /home/kubekpc/lidar_robot_ws/install/my_bot_description/share/my_bot_description/local_setup.bash
[0.554s] -- Installing: /home/kubekpc/lidar_robot_ws/install/my_bot_description/share/my_bot_description/local_setup.sh
[0.554s] -- Installing: /home/kubekpc/lidar_robot_ws/install/my_bot_description/share/my_bot_description/local_setup.zsh
[0.554s] -- Installing: /home/kubekpc/lidar_robot_ws/install/my_bot_description/share/my_bot_description/local_setup.dsv
[0.554s] -- Installing: /home/kubekpc/lidar_robot_ws/install/my_bot_description/share/my_bot_description/package.dsv
[0.555s] -- Installing: /home/kubekpc/lidar_robot_ws/install/my_bot_description/share/ament_index/resource_index/packages/my_bot_description
[0.555s] -- Installing: /home/kubekpc/lidar_robot_ws/install/my_bot_description/share/my_bot_description/cmake/my_bot_descriptionConfig.cmake
[0.555s] -- Installing: /home/kubekpc/lidar_robot_ws/install/my_bot_description/share/my_bot_description/cmake/my_bot_descriptionConfig-version.cmake
[0.555s] -- Installing: /home/kubekpc/lidar_robot_ws/install/my_bot_description/share/my_bot_description/package.xml
[0.556s] Invoked command in '/home/kubekpc/lidar_robot_ws/build/my_bot_description' returned '0': CMAKE_PREFIX_PATH=/opt/ros/humble /usr/bin/cmake --install /home/kubekpc/lidar_robot_ws/build/my_bot_description
