[0.009s] Invoking command in '/home/kubekpc/Lidar_Robot/lidar_robot_ws/build/ldlidar': CMAKE_PREFIX_PATH=/opt/ros/humble /usr/bin/cmake --build /home/kubekpc/Lidar_Robot/lidar_robot_ws/build/ldlidar -- -j16 -l16
[0.039s] [35m[1mConsolidate compiler generated dependencies of target ldlidar[0m
[0.060s] [100%] Built target ldlidar
[0.068s] Invoked command in '/home/kubekpc/Lidar_Robot/lidar_robot_ws/build/ldlidar' returned '0': CMAKE_PREFIX_PATH=/opt/ros/humble /usr/bin/cmake --build /home/kubekpc/Lidar_Robot/lidar_robot_ws/build/ldlidar -- -j16 -l16
[0.075s] Invoking command in '/home/kubekpc/Lidar_Robot/lidar_robot_ws/build/ldlidar': CMAKE_PREFIX_PATH=/opt/ros/humble /usr/bin/cmake --install /home/kubekpc/Lidar_Robot/lidar_robot_ws/build/ldlidar
[0.080s] -- Install configuration: ""
[0.080s] -- Up-to-date: /home/kubekpc/Lidar_Robot/lidar_robot_ws/install/ldlidar/lib/ldlidar/ldlidar
[0.080s] -- Up-to-date: /home/kubekpc/Lidar_Robot/lidar_robot_ws/install/ldlidar/share/ldlidar/launch
[0.080s] -- Up-to-date: /home/kubekpc/Lidar_Robot/lidar_robot_ws/install/ldlidar/share/ldlidar/launch/ldlidar.launch.py
[0.080s] -- Up-to-date: /home/kubekpc/Lidar_Robot/lidar_robot_ws/install/ldlidar/share/ldlidar/rviz
[0.081s] -- Up-to-date: /home/kubekpc/Lidar_Robot/lidar_robot_ws/install/ldlidar/share/ldlidar/rviz/ldlidar.rviz
[0.081s] -- Up-to-date: /home/kubekpc/Lidar_Robot/lidar_robot_ws/install/ldlidar/share/ament_index/resource_index/package_run_dependencies/ldlidar
[0.081s] -- Up-to-date: /home/kubekpc/Lidar_Robot/lidar_robot_ws/install/ldlidar/share/ament_index/resource_index/parent_prefix_path/ldlidar
[0.081s] -- Up-to-date: /home/kubekpc/Lidar_Robot/lidar_robot_ws/install/ldlidar/share/ldlidar/environment/ament_prefix_path.sh
[0.081s] -- Up-to-date: /home/kubekpc/Lidar_Robot/lidar_robot_ws/install/ldlidar/share/ldlidar/environment/ament_prefix_path.dsv
[0.081s] -- Up-to-date: /home/kubekpc/Lidar_Robot/lidar_robot_ws/install/ldlidar/share/ldlidar/environment/path.sh
[0.081s] -- Up-to-date: /home/kubekpc/Lidar_Robot/lidar_robot_ws/install/ldlidar/share/ldlidar/environment/path.dsv
[0.081s] -- Up-to-date: /home/kubekpc/Lidar_Robot/lidar_robot_ws/install/ldlidar/share/ldlidar/local_setup.bash
[0.081s] -- Up-to-date: /home/kubekpc/Lidar_Robot/lidar_robot_ws/install/ldlidar/share/ldlidar/local_setup.sh
[0.081s] -- Up-to-date: /home/kubekpc/Lidar_Robot/lidar_robot_ws/install/ldlidar/share/ldlidar/local_setup.zsh
[0.081s] -- Up-to-date: /home/kubekpc/Lidar_Robot/lidar_robot_ws/install/ldlidar/share/ldlidar/local_setup.dsv
[0.081s] -- Installing: /home/kubekpc/Lidar_Robot/lidar_robot_ws/install/ldlidar/share/ldlidar/package.dsv
[0.081s] -- Up-to-date: /home/kubekpc/Lidar_Robot/lidar_robot_ws/install/ldlidar/share/ament_index/resource_index/packages/ldlidar
[0.081s] -- Up-to-date: /home/kubekpc/Lidar_Robot/lidar_robot_ws/install/ldlidar/share/ldlidar/cmake/ldlidarConfig.cmake
[0.081s] -- Up-to-date: /home/kubekpc/Lidar_Robot/lidar_robot_ws/install/ldlidar/share/ldlidar/cmake/ldlidarConfig-version.cmake
[0.081s] -- Up-to-date: /home/kubekpc/Lidar_Robot/lidar_robot_ws/install/ldlidar/share/ldlidar/package.xml
[0.082s] Invoked command in '/home/kubekpc/Lidar_Robot/lidar_robot_ws/build/ldlidar' returned '0': CMAKE_PREFIX_PATH=/opt/ros/humble /usr/bin/cmake --install /home/kubekpc/Lidar_Robot/lidar_robot_ws/build/ldlidar
