[0.007s] Invoking command in '/home/kubekpc/lidar_robot_ws/build/my_bot_description': CMAKE_PREFIX_PATH=/opt/ros/humble /usr/bin/cmake /home/kubekpc/lidar_robot_ws/src/my_bot_description -DAMENT_CMAKE_SYMLINK_INSTALL=1 -DCMAKE_INSTALL_PREFIX=/home/kubekpc/lidar_robot_ws/install/my_bot_description
[0.016s] -- Found ament_cmake: 1.3.14 (/opt/ros/humble/share/ament_cmake/cmake)
[0.093s] -- Override CMake install command with custom implementation using symlinks instead of copying resources
[0.100s] -- Found ament_lint_auto: 0.12.15 (/opt/ros/humble/share/ament_lint_auto/cmake)
[0.149s] -- Added test 'flake8' to check Python code syntax and style conventions
[0.149s] -- Added test 'lint_cmake' to check CMake code style
[0.149s] -- Added test 'pep257' to check Python code against some of the docstring style conventions in PEP 257
[0.151s] -- Added test 'xmllint' to check XML markup files
[0.152s] -- Configuring done
[0.155s] -- Generating done
[0.157s] -- Build files have been written to: /home/kubekpc/lidar_robot_ws/build/my_bot_description
[0.159s] Invoked command in '/home/kubekpc/lidar_robot_ws/build/my_bot_description' returned '0': CMAKE_PREFIX_PATH=/opt/ros/humble /usr/bin/cmake /home/kubekpc/lidar_robot_ws/src/my_bot_description -DAMENT_CMAKE_SYMLINK_INSTALL=1 -DCMAKE_INSTALL_PREFIX=/home/kubekpc/lidar_robot_ws/install/my_bot_description
[0.160s] Invoking command in '/home/kubekpc/lidar_robot_ws/build/my_bot_description': CMAKE_PREFIX_PATH=/opt/ros/humble /usr/bin/cmake --build /home/kubekpc/lidar_robot_ws/build/my_bot_description -- -j16 -l16
[0.190s] Invoked command in '/home/kubekpc/lidar_robot_ws/build/my_bot_description' returned '0': CMAKE_PREFIX_PATH=/opt/ros/humble /usr/bin/cmake --build /home/kubekpc/lidar_robot_ws/build/my_bot_description -- -j16 -l16
[0.197s] Invoking command in '/home/kubekpc/lidar_robot_ws/build/my_bot_description': CMAKE_PREFIX_PATH=/opt/ros/humble /usr/bin/cmake --install /home/kubekpc/lidar_robot_ws/build/my_bot_description
[0.202s] -- Install configuration: ""
[0.202s] -- Execute custom install script
[0.202s] -- Symlinking: /home/kubekpc/lidar_robot_ws/install/my_bot_description/share/my_bot_description/launch/launch_sim.launch.py
[0.208s] -- Up-to-date symlink: /home/kubekpc/lidar_robot_ws/install/my_bot_description/share/my_bot_description/launch/rsp.launch.py
[0.208s] -- Up-to-date symlink: /home/kubekpc/lidar_robot_ws/install/my_bot_description/share/my_bot_description/description/inertial_macros.xacro
[0.208s] -- Up-to-date symlink: /home/kubekpc/lidar_robot_ws/install/my_bot_description/share/my_bot_description/description/robot.urdf.xacro
[0.209s] -- Up-to-date symlink: /home/kubekpc/lidar_robot_ws/install/my_bot_description/share/my_bot_description/description/robot_core.xacro
[0.209s] -- Up-to-date symlink: /home/kubekpc/lidar_robot_ws/install/my_bot_description/share/ament_index/resource_index/package_run_dependencies/my_bot_description
[0.209s] -- Up-to-date symlink: /home/kubekpc/lidar_robot_ws/install/my_bot_description/share/ament_index/resource_index/parent_prefix_path/my_bot_description
[0.209s] -- Up-to-date symlink: /home/kubekpc/lidar_robot_ws/install/my_bot_description/share/my_bot_description/environment/ament_prefix_path.sh
[0.209s] -- Up-to-date symlink: /home/kubekpc/lidar_robot_ws/install/my_bot_description/share/my_bot_description/environment/ament_prefix_path.dsv
[0.209s] -- Up-to-date symlink: /home/kubekpc/lidar_robot_ws/install/my_bot_description/share/my_bot_description/environment/path.sh
[0.209s] -- Up-to-date symlink: /home/kubekpc/lidar_robot_ws/install/my_bot_description/share/my_bot_description/environment/path.dsv
[0.209s] -- Up-to-date symlink: /home/kubekpc/lidar_robot_ws/install/my_bot_description/share/my_bot_description/local_setup.bash
[0.209s] -- Up-to-date symlink: /home/kubekpc/lidar_robot_ws/install/my_bot_description/share/my_bot_description/local_setup.sh
[0.210s] -- Up-to-date symlink: /home/kubekpc/lidar_robot_ws/install/my_bot_description/share/my_bot_description/local_setup.zsh
[0.210s] -- Up-to-date symlink: /home/kubekpc/lidar_robot_ws/install/my_bot_description/share/my_bot_description/local_setup.dsv
[0.210s] -- Symlinking: /home/kubekpc/lidar_robot_ws/install/my_bot_description/share/my_bot_description/package.dsv
[0.217s] -- Up-to-date symlink: /home/kubekpc/lidar_robot_ws/install/my_bot_description/share/ament_index/resource_index/packages/my_bot_description
[0.217s] -- Up-to-date symlink: /home/kubekpc/lidar_robot_ws/install/my_bot_description/share/my_bot_description/cmake/my_bot_descriptionConfig.cmake
[0.217s] -- Up-to-date symlink: /home/kubekpc/lidar_robot_ws/install/my_bot_description/share/my_bot_description/cmake/my_bot_descriptionConfig-version.cmake
[0.217s] -- Up-to-date symlink: /home/kubekpc/lidar_robot_ws/install/my_bot_description/share/my_bot_description/package.xml
[0.219s] Invoked command in '/home/kubekpc/lidar_robot_ws/build/my_bot_description' returned '0': CMAKE_PREFIX_PATH=/opt/ros/humble /usr/bin/cmake --install /home/kubekpc/lidar_robot_ws/build/my_bot_description
