[0.008s] Invoking command in '/home/kubekpc/Lidar_Robot/build/stm_custom_msgs': CMAKE_PREFIX_PATH=/opt/ros/humble VIRTUAL_ENV_PROMPT=(zephyr_venv) /usr/bin/cmake /home/kubekpc/Lidar_Robot/lidar_robot_ws/src/stm_custom_msgs -DCMAKE_INSTALL_PREFIX=/home/kubekpc/Lidar_Robot/install/stm_custom_msgs
[0.018s] -- Found ament_cmake: 1.3.14 (/opt/ros/humble/share/ament_cmake/cmake)
[0.114s] -- Found rosidl_default_generators: 1.2.1 (/opt/ros/humble/share/rosidl_default_generators/cmake)
[0.117s] -- Using all available rosidl_typesupport_c: rosidl_typesupport_fastrtps_c;rosidl_typesupport_introspection_c
[0.122s] -- Found rosidl_adapter: 3.1.9 (/opt/ros/humble/share/rosidl_adapter/cmake)
[0.150s] -- Using all available rosidl_typesupport_cpp: rosidl_typesupport_fastrtps_cpp;rosidl_typesupport_introspection_cpp
[0.177s] -- Found builtin_interfaces: 1.2.3 (/opt/ros/humble/share/builtin_interfaces/cmake)
[0.308s] [31mCMake Error at /opt/ros/humble/share/rosidl_adapter/cmake/rosidl_adapt_interfaces.cmake:59 (message):
[0.308s]   execute_process(/usr/bin/python3 -m rosidl_adapter --package-name
[0.309s]   stm_custom_msgs --arguments-file
[0.309s]   /home/kubekpc/Lidar_Robot/build/stm_custom_msgs/rosidl_adapter__arguments__stm_custom_msgs.json
[0.309s]   --output-dir
[0.309s]   /home/kubekpc/Lidar_Robot/build/stm_custom_msgs/rosidl_adapter/stm_custom_msgs
[0.309s]   --output-file
[0.309s]   /home/kubekpc/Lidar_Robot/build/stm_custom_msgs/rosidl_adapter/stm_custom_msgs.idls)
[0.309s]   returned error code 1:
[0.309s] 
[0.309s]   Error processing 'uint32_t time_stamp;' of
[0.309s]   'stm_custom_msgs/StmHardwareState': ''uint32_t' is an invalid message name.
[0.309s]   It should have the pattern '^[A-Z][A-Za-z0-9]*$''
[0.309s] 
[0.309s]   Traceback (most recent call last):
[0.309s] 
[0.309s]     File "/usr/lib/python3.10/runpy.py", line 196, in _run_module_as_main
[0.310s]       return _run_code(code, main_globals, None,
[0.310s]     File "/usr/lib/python3.10/runpy.py", line 86, in _run_code
[0.310s]       exec(code, run_globals)
[0.310s]     File "/opt/ros/humble/local/lib/python3.10/dist-packages/rosidl_adapter/__main__.py", line 19, in <module>
[0.310s]       sys.exit(main())
[0.310s]     File "/opt/ros/humble/local/lib/python3.10/dist-packages/rosidl_adapter/main.py", line 53, in main
[0.310s]       abs_idl_file = convert_to_idl(
[0.310s]     File "/opt/ros/humble/local/lib/python3.10/dist-packages/rosidl_adapter/__init__.py", line 19, in convert_to_idl
[0.310s]       return convert_msg_to_idl(
[0.310s]     File "/opt/ros/humble/local/lib/python3.10/dist-packages/rosidl_adapter/msg/__init__.py", line 28, in convert_msg_to_idl
[0.310s]       msg = parse_message_string(package_name, input_file.stem, content)
[0.310s]     File "/opt/ros/humble/local/lib/python3.10/dist-packages/rosidl_adapter/parser.py", line 520, in parse_message_string
[0.310s]       Type(type_string, context_package_name=pkg_name),
[0.311s]     File "/opt/ros/humble/local/lib/python3.10/dist-packages/rosidl_adapter/parser.py", line 277, in __init__
[0.311s]       super(Type, self).__init__(
[0.311s]     File "/opt/ros/humble/local/lib/python3.10/dist-packages/rosidl_adapter/parser.py", line 205, in __init__
[0.311s]       raise InvalidResourceName(
[0.311s] 
[0.311s]   rosidl_adapter.parser.InvalidResourceName: 'uint32_t' is an invalid message
[0.311s]   name.  It should have the pattern '^[A-Z][A-Za-z0-9]*$'
[0.311s] 
[0.311s] Call Stack (most recent call first):
[0.311s]   /opt/ros/humble/share/rosidl_cmake/cmake/rosidl_generate_interfaces.cmake:130 (rosidl_adapt_interfaces)
[0.311s]   CMakeLists.txt:17 (rosidl_generate_interfaces)
[0.311s] 
[0.311s] [0m
[0.311s] -- Configuring incomplete, errors occurred!
[0.311s] See also "/home/kubekpc/Lidar_Robot/build/stm_custom_msgs/CMakeFiles/CMakeOutput.log".
[0.315s] Invoked command in '/home/kubekpc/Lidar_Robot/build/stm_custom_msgs' returned '1': CMAKE_PREFIX_PATH=/opt/ros/humble VIRTUAL_ENV_PROMPT=(zephyr_venv) /usr/bin/cmake /home/kubekpc/Lidar_Robot/lidar_robot_ws/src/stm_custom_msgs -DCMAKE_INSTALL_PREFIX=/home/kubekpc/Lidar_Robot/install/stm_custom_msgs
