-- The C compiler identification is GNU 11.4.0
-- The CXX compiler identification is GNU 11.4.0
-- Detecting C compiler ABI info
-- Detecting C compiler ABI info - done
-- Check for working C compiler: /usr/bin/cc - skipped
-- Detecting C compile features
-- Detecting C compile features - done
-- Detecting CXX compiler ABI info
-- Detecting CXX compiler ABI info - done
-- Check for working CXX compiler: /usr/bin/c++ - skipped
-- Detecting CXX compile features
-- Detecting CXX compile features - done
-- Found ament_cmake: 1.3.14 (/opt/ros/humble/share/ament_cmake/cmake)
-- Found Python3: /usr/bin/python3 (found version "3.10.12") found components: Interpreter 
-- Found rclcpp: 16.0.19 (/opt/ros/humble/share/rclcpp/cmake)
-- Found rosidl_generator_c: 3.1.9 (/opt/ros/humble/share/rosidl_generator_c/cmake)
-- Found rosidl_adapter: 3.1.9 (/opt/ros/humble/share/rosidl_adapter/cmake)
-- Found rosidl_generator_cpp: 3.1.9 (/opt/ros/humble/share/rosidl_generator_cpp/cmake)
-- Using all available rosidl_typesupport_c: rosidl_typesupport_fastrtps_c;rosidl_typesupport_introspection_c
-- Using all available rosidl_typesupport_cpp: rosidl_typesupport_fastrtps_cpp;rosidl_typesupport_introspection_cpp
-- Found rmw_implementation_cmake: 6.1.2 (/opt/ros/humble/share/rmw_implementation_cmake/cmake)
-- Found rmw_fastrtps_cpp: 6.2.10 (/opt/ros/humble/share/rmw_fastrtps_cpp/cmake)
-- Found OpenSSL: /usr/lib/x86_64-linux-gnu/libcrypto.so (found version "3.0.2")  
-- Found FastRTPS: /opt/ros/humble/include  
-- Using RMW implementation 'rmw_fastrtps_cpp' as default
-- Looking for pthread.h
-- Looking for pthread.h - found
-- Performing Test CMAKE_HAVE_LIBC_PTHREAD
-- Performing Test CMAKE_HAVE_LIBC_PTHREAD - Success
-- Found Threads: TRUE  
-- Found sensor_msgs: 4.9.1 (/opt/ros/humble/share/sensor_msgs/cmake)
-- Configuring done
-- Generating done
-- Build files have been written to: /home/kubekpc/Lidar_Robot/lidar_robot_ws/build/ldlidar
[ 16%] [32mBuilding CXX object CMakeFiles/ldlidar.dir/src/cmd_interface_linux.cpp.o[0m
[ 33%] [32mBuilding CXX object CMakeFiles/ldlidar.dir/src/ldlidar.cpp.o[0m
[ 50%] [32mBuilding CXX object CMakeFiles/ldlidar.dir/src/ldlidar_node.cpp.o[0m
[ 66%] [32mBuilding CXX object CMakeFiles/ldlidar.dir/src/lipkg.cpp.o[0m
[ 83%] [32mBuilding CXX object CMakeFiles/ldlidar.dir/src/tofbf.cpp.o[0m
[01m[K/home/kubekpc/Lidar_Robot/lidar_robot_ws/src/ldlidar/src/lipkg.cpp:[m[K In member function ‘[01m[Kvoid LiPkg::ToLaserscan(std::vector<PointData>)[m[K’:
[01m[K/home/kubekpc/Lidar_Robot/lidar_robot_ws/src/ldlidar/src/lipkg.cpp:258:29:[m[K [01;35m[Kwarning: [m[Kcomparison of integer expressions of different signedness: ‘[01m[Kint[m[K’ and ‘[01m[Kunsigned int[m[K’ [[01;35m[K]8;;https://gcc.gnu.org/onlinedocs/gcc/Warning-Options.html#index-Wsign-compare-Wsign-compare]8;;[m[K]
  258 |     if (index >= 0 && [01;35m[Kindex < beam_size_[m[K)
      |                       [01;35m[K~~~~~~^~~~~~~~~~~~[m[K
[100%] [32m[1mLinking CXX executable ldlidar[0m
[100%] Built target ldlidar
-- Install configuration: ""
-- Installing: /home/kubekpc/Lidar_Robot/lidar_robot_ws/install/ldlidar/lib/ldlidar/ldlidar
-- Set runtime path of "/home/kubekpc/Lidar_Robot/lidar_robot_ws/install/ldlidar/lib/ldlidar/ldlidar" to ""
-- Installing: /home/kubekpc/Lidar_Robot/lidar_robot_ws/install/ldlidar/share/ldlidar/launch
-- Installing: /home/kubekpc/Lidar_Robot/lidar_robot_ws/install/ldlidar/share/ldlidar/launch/ldlidar.launch.py
-- Installing: /home/kubekpc/Lidar_Robot/lidar_robot_ws/install/ldlidar/share/ldlidar/rviz
-- Installing: /home/kubekpc/Lidar_Robot/lidar_robot_ws/install/ldlidar/share/ldlidar/rviz/ldlidar.rviz
-- Installing: /home/kubekpc/Lidar_Robot/lidar_robot_ws/install/ldlidar/share/ament_index/resource_index/package_run_dependencies/ldlidar
-- Installing: /home/kubekpc/Lidar_Robot/lidar_robot_ws/install/ldlidar/share/ament_index/resource_index/parent_prefix_path/ldlidar
-- Installing: /home/kubekpc/Lidar_Robot/lidar_robot_ws/install/ldlidar/share/ldlidar/environment/ament_prefix_path.sh
-- Installing: /home/kubekpc/Lidar_Robot/lidar_robot_ws/install/ldlidar/share/ldlidar/environment/ament_prefix_path.dsv
-- Installing: /home/kubekpc/Lidar_Robot/lidar_robot_ws/install/ldlidar/share/ldlidar/environment/path.sh
-- Installing: /home/kubekpc/Lidar_Robot/lidar_robot_ws/install/ldlidar/share/ldlidar/environment/path.dsv
-- Installing: /home/kubekpc/Lidar_Robot/lidar_robot_ws/install/ldlidar/share/ldlidar/local_setup.bash
-- Installing: /home/kubekpc/Lidar_Robot/lidar_robot_ws/install/ldlidar/share/ldlidar/local_setup.sh
-- Installing: /home/kubekpc/Lidar_Robot/lidar_robot_ws/install/ldlidar/share/ldlidar/local_setup.zsh
-- Installing: /home/kubekpc/Lidar_Robot/lidar_robot_ws/install/ldlidar/share/ldlidar/local_setup.dsv
-- Installing: /home/kubekpc/Lidar_Robot/lidar_robot_ws/install/ldlidar/share/ldlidar/package.dsv
-- Installing: /home/kubekpc/Lidar_Robot/lidar_robot_ws/install/ldlidar/share/ament_index/resource_index/packages/ldlidar
-- Installing: /home/kubekpc/Lidar_Robot/lidar_robot_ws/install/ldlidar/share/ldlidar/cmake/ldlidarConfig.cmake
-- Installing: /home/kubekpc/Lidar_Robot/lidar_robot_ws/install/ldlidar/share/ldlidar/cmake/ldlidarConfig-version.cmake
-- Installing: /home/kubekpc/Lidar_Robot/lidar_robot_ws/install/ldlidar/share/ldlidar/package.xml
