[0.008s] Invoking command in '/home/kubekpc/Lidar_Robot/lidar_robot_ws/build/ldlidar': CMAKE_PREFIX_PATH=${CMAKE_PREFIX_PATH}:/opt/ros/humble /usr/bin/cmake /home/kubekpc/Lidar_Robot/lidar_robot_ws/src/ldlidar -DCMAKE_INSTALL_PREFIX=/home/kubekpc/Lidar_Robot/lidar_robot_ws/install/ldlidar
[0.047s] -- The C compiler identification is GNU 11.4.0
[0.088s] -- The CXX compiler identification is GNU 11.4.0
[0.094s] -- Detecting C compiler ABI info
[0.144s] -- Detecting C compiler ABI info - done
[0.149s] -- Check for working C compiler: /usr/bin/cc - skipped
[0.149s] -- Detecting C compile features
[0.149s] -- Detecting C compile features - done
[0.151s] -- Detecting CXX compiler ABI info
[0.209s] -- Detecting CXX compiler ABI info - done
[0.215s] -- Check for working CXX compiler: /usr/bin/c++ - skipped
[0.215s] -- Detecting CXX compile features
[0.215s] -- Detecting CXX compile features - done
[0.217s] -- Found ament_cmake: 1.3.14 (/opt/ros/humble/share/ament_cmake/cmake)
[0.316s] -- Found Python3: /usr/bin/python3 (found version "3.10.12") found components: Interpreter 
[0.373s] -- Found rclcpp: 16.0.19 (/opt/ros/humble/share/rclcpp/cmake)
[0.400s] -- Found rosidl_generator_c: 3.1.9 (/opt/ros/humble/share/rosidl_generator_c/cmake)
[0.403s] -- Found rosidl_adapter: 3.1.9 (/opt/ros/humble/share/rosidl_adapter/cmake)
[0.408s] -- Found rosidl_generator_cpp: 3.1.9 (/opt/ros/humble/share/rosidl_generator_cpp/cmake)
[0.416s] -- Using all available rosidl_typesupport_c: rosidl_typesupport_fastrtps_c;rosidl_typesupport_introspection_c
[0.427s] -- Using all available rosidl_typesupport_cpp: rosidl_typesupport_fastrtps_cpp;rosidl_typesupport_introspection_cpp
[0.455s] -- Found rmw_implementation_cmake: 6.1.2 (/opt/ros/humble/share/rmw_implementation_cmake/cmake)
[0.456s] -- Found rmw_fastrtps_cpp: 6.2.10 (/opt/ros/humble/share/rmw_fastrtps_cpp/cmake)
[0.523s] -- Found OpenSSL: /usr/lib/x86_64-linux-gnu/libcrypto.so (found version "3.0.2")  
[0.543s] -- Found FastRTPS: /opt/ros/humble/include  
[0.572s] -- Using RMW implementation 'rmw_fastrtps_cpp' as default
[0.577s] -- Looking for pthread.h
[0.632s] -- Looking for pthread.h - found
[0.632s] -- Performing Test CMAKE_HAVE_LIBC_PTHREAD
[0.687s] -- Performing Test CMAKE_HAVE_LIBC_PTHREAD - Success
[0.688s] -- Found Threads: TRUE  
[0.726s] -- Found sensor_msgs: 4.9.1 (/opt/ros/humble/share/sensor_msgs/cmake)
[0.788s] -- Configuring done
[0.795s] -- Generating done
[0.798s] -- Build files have been written to: /home/kubekpc/Lidar_Robot/lidar_robot_ws/build/ldlidar
[0.805s] Invoked command in '/home/kubekpc/Lidar_Robot/lidar_robot_ws/build/ldlidar' returned '0': CMAKE_PREFIX_PATH=${CMAKE_PREFIX_PATH}:/opt/ros/humble /usr/bin/cmake /home/kubekpc/Lidar_Robot/lidar_robot_ws/src/ldlidar -DCMAKE_INSTALL_PREFIX=/home/kubekpc/Lidar_Robot/lidar_robot_ws/install/ldlidar
[0.805s] Invoking command in '/home/kubekpc/Lidar_Robot/lidar_robot_ws/build/ldlidar': CMAKE_PREFIX_PATH=${CMAKE_PREFIX_PATH}:/opt/ros/humble /usr/bin/cmake --build /home/kubekpc/Lidar_Robot/lidar_robot_ws/build/ldlidar -- -j16 -l16
[0.843s] [ 16%] [32mBuilding CXX object CMakeFiles/ldlidar.dir/src/cmd_interface_linux.cpp.o[0m
[0.843s] [ 33%] [32mBuilding CXX object CMakeFiles/ldlidar.dir/src/ldlidar.cpp.o[0m
[0.843s] [ 50%] [32mBuilding CXX object CMakeFiles/ldlidar.dir/src/ldlidar_node.cpp.o[0m
[0.843s] [ 66%] [32mBuilding CXX object CMakeFiles/ldlidar.dir/src/lipkg.cpp.o[0m
[0.843s] [ 83%] [32mBuilding CXX object CMakeFiles/ldlidar.dir/src/tofbf.cpp.o[0m
[1.827s] [01m[K/home/kubekpc/Lidar_Robot/lidar_robot_ws/src/ldlidar/src/lipkg.cpp:[m[K In member function ‘[01m[Kvoid LiPkg::ToLaserscan(std::vector<PointData>)[m[K’:
[1.827s] [01m[K/home/kubekpc/Lidar_Robot/lidar_robot_ws/src/ldlidar/src/lipkg.cpp:258:29:[m[K [01;35m[Kwarning: [m[Kcomparison of integer expressions of different signedness: ‘[01m[Kint[m[K’ and ‘[01m[Kunsigned int[m[K’ [[01;35m[K]8;;https://gcc.gnu.org/onlinedocs/gcc/Warning-Options.html#index-Wsign-compare-Wsign-compare]8;;[m[K]
[1.827s]   258 |     if (index >= 0 && [01;35m[Kindex < beam_size_[m[K)
[1.828s]       |                       [01;35m[K~~~~~~^~~~~~~~~~~~[m[K
[3.641s] [100%] [32m[1mLinking CXX executable ldlidar[0m
[3.775s] [100%] Built target ldlidar
[3.785s] Invoked command in '/home/kubekpc/Lidar_Robot/lidar_robot_ws/build/ldlidar' returned '0': CMAKE_PREFIX_PATH=${CMAKE_PREFIX_PATH}:/opt/ros/humble /usr/bin/cmake --build /home/kubekpc/Lidar_Robot/lidar_robot_ws/build/ldlidar -- -j16 -l16
[3.786s] Invoking command in '/home/kubekpc/Lidar_Robot/lidar_robot_ws/build/ldlidar': CMAKE_PREFIX_PATH=${CMAKE_PREFIX_PATH}:/opt/ros/humble /usr/bin/cmake --install /home/kubekpc/Lidar_Robot/lidar_robot_ws/build/ldlidar
[3.791s] -- Install configuration: ""
[3.791s] -- Installing: /home/kubekpc/Lidar_Robot/lidar_robot_ws/install/ldlidar/lib/ldlidar/ldlidar
[3.793s] -- Set runtime path of "/home/kubekpc/Lidar_Robot/lidar_robot_ws/install/ldlidar/lib/ldlidar/ldlidar" to ""
[3.793s] -- Installing: /home/kubekpc/Lidar_Robot/lidar_robot_ws/install/ldlidar/share/ldlidar/launch
[3.793s] -- Installing: /home/kubekpc/Lidar_Robot/lidar_robot_ws/install/ldlidar/share/ldlidar/launch/ldlidar.launch.py
[3.793s] -- Installing: /home/kubekpc/Lidar_Robot/lidar_robot_ws/install/ldlidar/share/ldlidar/rviz
[3.793s] -- Installing: /home/kubekpc/Lidar_Robot/lidar_robot_ws/install/ldlidar/share/ldlidar/rviz/ldlidar.rviz
[3.793s] -- Installing: /home/kubekpc/Lidar_Robot/lidar_robot_ws/install/ldlidar/share/ament_index/resource_index/package_run_dependencies/ldlidar
[3.793s] -- Installing: /home/kubekpc/Lidar_Robot/lidar_robot_ws/install/ldlidar/share/ament_index/resource_index/parent_prefix_path/ldlidar
[3.793s] -- Installing: /home/kubekpc/Lidar_Robot/lidar_robot_ws/install/ldlidar/share/ldlidar/environment/ament_prefix_path.sh
[3.794s] -- Installing: /home/kubekpc/Lidar_Robot/lidar_robot_ws/install/ldlidar/share/ldlidar/environment/ament_prefix_path.dsv
[3.794s] -- Installing: /home/kubekpc/Lidar_Robot/lidar_robot_ws/install/ldlidar/share/ldlidar/environment/path.sh
[3.794s] -- Installing: /home/kubekpc/Lidar_Robot/lidar_robot_ws/install/ldlidar/share/ldlidar/environment/path.dsv
[3.794s] -- Installing: /home/kubekpc/Lidar_Robot/lidar_robot_ws/install/ldlidar/share/ldlidar/local_setup.bash
[3.794s] -- Installing: /home/kubekpc/Lidar_Robot/lidar_robot_ws/install/ldlidar/share/ldlidar/local_setup.sh
[3.794s] -- Installing: /home/kubekpc/Lidar_Robot/lidar_robot_ws/install/ldlidar/share/ldlidar/local_setup.zsh
[3.794s] -- Installing: /home/kubekpc/Lidar_Robot/lidar_robot_ws/install/ldlidar/share/ldlidar/local_setup.dsv
[3.794s] -- Installing: /home/kubekpc/Lidar_Robot/lidar_robot_ws/install/ldlidar/share/ldlidar/package.dsv
[3.795s] -- Installing: /home/kubekpc/Lidar_Robot/lidar_robot_ws/install/ldlidar/share/ament_index/resource_index/packages/ldlidar
[3.795s] -- Installing: /home/kubekpc/Lidar_Robot/lidar_robot_ws/install/ldlidar/share/ldlidar/cmake/ldlidarConfig.cmake
[3.795s] -- Installing: /home/kubekpc/Lidar_Robot/lidar_robot_ws/install/ldlidar/share/ldlidar/cmake/ldlidarConfig-version.cmake
[3.795s] -- Installing: /home/kubekpc/Lidar_Robot/lidar_robot_ws/install/ldlidar/share/ldlidar/package.xml
[3.796s] Invoked command in '/home/kubekpc/Lidar_Robot/lidar_robot_ws/build/ldlidar' returned '0': CMAKE_PREFIX_PATH=${CMAKE_PREFIX_PATH}:/opt/ros/humble /usr/bin/cmake --install /home/kubekpc/Lidar_Robot/lidar_robot_ws/build/ldlidar
