[0.075s] DEBUG:colcon:Command line arguments: ['/usr/bin/colcon', 'build']
[0.075s] DEBUG:colcon:Parsed command line arguments: Namespace(log_base=None, log_level=None, verb_name='build', build_base='build', install_base='install', merge_install=False, symlink_install=False, test_result_base=None, continue_on_error=False, executor='parallel', parallel_workers=16, event_handlers=None, ignore_user_meta=False, metas=['./colcon.meta'], base_paths=['.'], packages_ignore=None, packages_ignore_regex=None, paths=None, packages_up_to=None, packages_up_to_regex=None, packages_above=None, packages_above_and_dependencies=None, packages_above_depth=None, packages_select_by_dep=None, packages_skip_by_dep=None, packages_skip_up_to=None, packages_select_build_failed=False, packages_skip_build_finished=False, packages_select_test_failures=False, packages_skip_test_passed=False, packages_select=None, packages_skip=None, packages_select_regex=None, packages_skip_regex=None, packages_start=None, packages_end=None, allow_overriding=[], cmake_args=None, cmake_target=None, cmake_target_skip_unavailable=False, cmake_clean_cache=False, cmake_clean_first=False, cmake_force_configure=False, ament_cmake_args=None, catkin_cmake_args=None, catkin_skip_building_tests=False, mixin_files=None, mixin=None, verb_parser=<colcon_mixin.mixin.mixin_argument.MixinArgumentDecorator object at 0x70870974d840>, verb_extension=<colcon_core.verb.build.BuildVerb object at 0x70870974ce80>, main=<bound method BuildVerb.main of <colcon_core.verb.build.BuildVerb object at 0x70870974ce80>>, mixin_verb=('build',))
[0.187s] Level 1:colcon.colcon_core.package_discovery:discover_packages(colcon_meta) check parameters
[0.187s] Level 1:colcon.colcon_core.package_discovery:discover_packages(recursive) check parameters
[0.187s] Level 1:colcon.colcon_core.package_discovery:discover_packages(ignore) check parameters
[0.187s] Level 1:colcon.colcon_core.package_discovery:discover_packages(path) check parameters
[0.187s] Level 1:colcon.colcon_core.package_discovery:discover_packages(colcon_meta) discover
[0.187s] Level 1:colcon.colcon_core.package_discovery:discover_packages(recursive) discover
[0.187s] INFO:colcon.colcon_core.package_discovery:Crawling recursively for packages in '/home/kubekpc/Lidar_Robot/lidar_robot_ws'
[0.187s] Level 1:colcon.colcon_core.package_identification:_identify(.) by extensions ['ignore', 'ignore_ament_install']
[0.187s] Level 1:colcon.colcon_core.package_identification:_identify(.) by extension 'ignore'
[0.187s] Level 1:colcon.colcon_core.package_identification:_identify(.) by extension 'ignore_ament_install'
[0.187s] Level 1:colcon.colcon_core.package_identification:_identify(.) by extensions ['colcon_pkg']
[0.187s] Level 1:colcon.colcon_core.package_identification:_identify(.) by extension 'colcon_pkg'
[0.187s] Level 1:colcon.colcon_core.package_identification:_identify(.) by extensions ['colcon_meta']
[0.187s] Level 1:colcon.colcon_core.package_identification:_identify(.) by extension 'colcon_meta'
[0.187s] Level 1:colcon.colcon_core.package_identification:_identify(.) by extensions ['ros']
[0.187s] Level 1:colcon.colcon_core.package_identification:_identify(.) by extension 'ros'
[0.195s] Level 1:colcon.colcon_core.package_identification:_identify(.) by extensions ['cmake', 'python']
[0.195s] Level 1:colcon.colcon_core.package_identification:_identify(.) by extension 'cmake'
[0.195s] Level 1:colcon.colcon_core.package_identification:_identify(.) by extension 'python'
[0.195s] Level 1:colcon.colcon_core.package_identification:_identify(.) by extensions ['python_setup_py']
[0.195s] Level 1:colcon.colcon_core.package_identification:_identify(.) by extension 'python_setup_py'
[0.196s] Level 1:colcon.colcon_core.package_identification:_identify(build) by extensions ['ignore', 'ignore_ament_install']
[0.196s] Level 1:colcon.colcon_core.package_identification:_identify(build) by extension 'ignore'
[0.196s] Level 1:colcon.colcon_core.package_identification:_identify(build) ignored
[0.196s] Level 1:colcon.colcon_core.package_identification:_identify(install) by extensions ['ignore', 'ignore_ament_install']
[0.196s] Level 1:colcon.colcon_core.package_identification:_identify(install) by extension 'ignore'
[0.196s] Level 1:colcon.colcon_core.package_identification:_identify(install) ignored
[0.196s] Level 1:colcon.colcon_core.package_identification:_identify(log) by extensions ['ignore', 'ignore_ament_install']
[0.196s] Level 1:colcon.colcon_core.package_identification:_identify(log) by extension 'ignore'
[0.196s] Level 1:colcon.colcon_core.package_identification:_identify(log) ignored
[0.196s] Level 1:colcon.colcon_core.package_identification:_identify(src) by extensions ['ignore', 'ignore_ament_install']
[0.196s] Level 1:colcon.colcon_core.package_identification:_identify(src) by extension 'ignore'
[0.196s] Level 1:colcon.colcon_core.package_identification:_identify(src) by extension 'ignore_ament_install'
[0.196s] Level 1:colcon.colcon_core.package_identification:_identify(src) by extensions ['colcon_pkg']
[0.196s] Level 1:colcon.colcon_core.package_identification:_identify(src) by extension 'colcon_pkg'
[0.196s] Level 1:colcon.colcon_core.package_identification:_identify(src) by extensions ['colcon_meta']
[0.196s] Level 1:colcon.colcon_core.package_identification:_identify(src) by extension 'colcon_meta'
[0.196s] Level 1:colcon.colcon_core.package_identification:_identify(src) by extensions ['ros']
[0.196s] Level 1:colcon.colcon_core.package_identification:_identify(src) by extension 'ros'
[0.197s] Level 1:colcon.colcon_core.package_identification:_identify(src) by extensions ['cmake', 'python']
[0.197s] Level 1:colcon.colcon_core.package_identification:_identify(src) by extension 'cmake'
[0.197s] Level 1:colcon.colcon_core.package_identification:_identify(src) by extension 'python'
[0.197s] Level 1:colcon.colcon_core.package_identification:_identify(src) by extensions ['python_setup_py']
[0.197s] Level 1:colcon.colcon_core.package_identification:_identify(src) by extension 'python_setup_py'
[0.197s] Level 1:colcon.colcon_core.package_identification:_identify(src/ldlidar) by extensions ['ignore', 'ignore_ament_install']
[0.197s] Level 1:colcon.colcon_core.package_identification:_identify(src/ldlidar) by extension 'ignore'
[0.197s] Level 1:colcon.colcon_core.package_identification:_identify(src/ldlidar) by extension 'ignore_ament_install'
[0.197s] Level 1:colcon.colcon_core.package_identification:_identify(src/ldlidar) by extensions ['colcon_pkg']
[0.197s] Level 1:colcon.colcon_core.package_identification:_identify(src/ldlidar) by extension 'colcon_pkg'
[0.197s] Level 1:colcon.colcon_core.package_identification:_identify(src/ldlidar) by extensions ['colcon_meta']
[0.197s] Level 1:colcon.colcon_core.package_identification:_identify(src/ldlidar) by extension 'colcon_meta'
[0.197s] Level 1:colcon.colcon_core.package_identification:_identify(src/ldlidar) by extensions ['ros']
[0.197s] Level 1:colcon.colcon_core.package_identification:_identify(src/ldlidar) by extension 'ros'
[0.199s] DEBUG:colcon.colcon_core.package_identification:Package 'src/ldlidar' with type 'ros.ament_cmake' and name 'ldlidar'
[0.199s] Level 1:colcon.colcon_core.package_identification:_identify(src/my_bot_description) by extensions ['ignore', 'ignore_ament_install']
[0.199s] Level 1:colcon.colcon_core.package_identification:_identify(src/my_bot_description) by extension 'ignore'
[0.199s] Level 1:colcon.colcon_core.package_identification:_identify(src/my_bot_description) by extension 'ignore_ament_install'
[0.199s] Level 1:colcon.colcon_core.package_identification:_identify(src/my_bot_description) by extensions ['colcon_pkg']
[0.199s] Level 1:colcon.colcon_core.package_identification:_identify(src/my_bot_description) by extension 'colcon_pkg'
[0.199s] Level 1:colcon.colcon_core.package_identification:_identify(src/my_bot_description) by extensions ['colcon_meta']
[0.199s] Level 1:colcon.colcon_core.package_identification:_identify(src/my_bot_description) by extension 'colcon_meta'
[0.199s] Level 1:colcon.colcon_core.package_identification:_identify(src/my_bot_description) by extensions ['ros']
[0.199s] Level 1:colcon.colcon_core.package_identification:_identify(src/my_bot_description) by extension 'ros'
[0.200s] DEBUG:colcon.colcon_core.package_identification:Package 'src/my_bot_description' with type 'ros.ament_cmake' and name 'my_bot_description'
[0.200s] Level 1:colcon.colcon_core.package_discovery:discover_packages(recursive) using defaults
[0.200s] Level 1:colcon.colcon_core.package_discovery:discover_packages(ignore) discover
[0.200s] Level 1:colcon.colcon_core.package_discovery:discover_packages(ignore) using defaults
[0.200s] Level 1:colcon.colcon_core.package_discovery:discover_packages(path) discover
[0.200s] Level 1:colcon.colcon_core.package_discovery:discover_packages(path) using defaults
[0.220s] Level 1:colcon.colcon_core.package_discovery:discover_packages(prefix_path) check parameters
[0.220s] Level 1:colcon.colcon_core.package_discovery:discover_packages(prefix_path) discover
[0.221s] DEBUG:colcon.colcon_installed_package_information.package_discovery:Found 2 installed packages in /home/kubekpc/Lidar_Robot/lidar_robot_ws/install
[0.222s] DEBUG:colcon.colcon_installed_package_information.package_discovery:Found 283 installed packages in /opt/ros/humble
[0.223s] Level 1:colcon.colcon_core.package_discovery:discover_packages(prefix_path) using defaults
[0.250s] Level 5:colcon.colcon_core.verb:set package 'ldlidar' build argument 'cmake_args' from command line to 'None'
[0.250s] Level 5:colcon.colcon_core.verb:set package 'ldlidar' build argument 'cmake_target' from command line to 'None'
[0.250s] Level 5:colcon.colcon_core.verb:set package 'ldlidar' build argument 'cmake_target_skip_unavailable' from command line to 'False'
[0.250s] Level 5:colcon.colcon_core.verb:set package 'ldlidar' build argument 'cmake_clean_cache' from command line to 'False'
[0.250s] Level 5:colcon.colcon_core.verb:set package 'ldlidar' build argument 'cmake_clean_first' from command line to 'False'
[0.250s] Level 5:colcon.colcon_core.verb:set package 'ldlidar' build argument 'cmake_force_configure' from command line to 'False'
[0.250s] Level 5:colcon.colcon_core.verb:set package 'ldlidar' build argument 'ament_cmake_args' from command line to 'None'
[0.250s] Level 5:colcon.colcon_core.verb:set package 'ldlidar' build argument 'catkin_cmake_args' from command line to 'None'
[0.250s] Level 5:colcon.colcon_core.verb:set package 'ldlidar' build argument 'catkin_skip_building_tests' from command line to 'False'
[0.250s] DEBUG:colcon.colcon_core.verb:Building package 'ldlidar' with the following arguments: {'ament_cmake_args': None, 'build_base': '/home/kubekpc/Lidar_Robot/lidar_robot_ws/build/ldlidar', 'catkin_cmake_args': None, 'catkin_skip_building_tests': False, 'cmake_args': None, 'cmake_clean_cache': False, 'cmake_clean_first': False, 'cmake_force_configure': False, 'cmake_target': None, 'cmake_target_skip_unavailable': False, 'install_base': '/home/kubekpc/Lidar_Robot/lidar_robot_ws/install/ldlidar', 'merge_install': False, 'path': '/home/kubekpc/Lidar_Robot/lidar_robot_ws/src/ldlidar', 'symlink_install': False, 'test_result_base': None}
[0.250s] Level 5:colcon.colcon_core.verb:set package 'my_bot_description' build argument 'cmake_args' from command line to 'None'
[0.251s] Level 5:colcon.colcon_core.verb:set package 'my_bot_description' build argument 'cmake_target' from command line to 'None'
[0.251s] Level 5:colcon.colcon_core.verb:set package 'my_bot_description' build argument 'cmake_target_skip_unavailable' from command line to 'False'
[0.251s] Level 5:colcon.colcon_core.verb:set package 'my_bot_description' build argument 'cmake_clean_cache' from command line to 'False'
[0.251s] Level 5:colcon.colcon_core.verb:set package 'my_bot_description' build argument 'cmake_clean_first' from command line to 'False'
[0.251s] Level 5:colcon.colcon_core.verb:set package 'my_bot_description' build argument 'cmake_force_configure' from command line to 'False'
[0.251s] Level 5:colcon.colcon_core.verb:set package 'my_bot_description' build argument 'ament_cmake_args' from command line to 'None'
[0.251s] Level 5:colcon.colcon_core.verb:set package 'my_bot_description' build argument 'catkin_cmake_args' from command line to 'None'
[0.251s] Level 5:colcon.colcon_core.verb:set package 'my_bot_description' build argument 'catkin_skip_building_tests' from command line to 'False'
[0.251s] DEBUG:colcon.colcon_core.verb:Building package 'my_bot_description' with the following arguments: {'ament_cmake_args': None, 'build_base': '/home/kubekpc/Lidar_Robot/lidar_robot_ws/build/my_bot_description', 'catkin_cmake_args': None, 'catkin_skip_building_tests': False, 'cmake_args': None, 'cmake_clean_cache': False, 'cmake_clean_first': False, 'cmake_force_configure': False, 'cmake_target': None, 'cmake_target_skip_unavailable': False, 'install_base': '/home/kubekpc/Lidar_Robot/lidar_robot_ws/install/my_bot_description', 'merge_install': False, 'path': '/home/kubekpc/Lidar_Robot/lidar_robot_ws/src/my_bot_description', 'symlink_install': False, 'test_result_base': None}
[0.251s] INFO:colcon.colcon_core.executor:Executing jobs using 'parallel' executor
[0.251s] DEBUG:colcon.colcon_parallel_executor.executor.parallel:run_until_complete
[0.252s] INFO:colcon.colcon_ros.task.ament_cmake.build:Building ROS package in '/home/kubekpc/Lidar_Robot/lidar_robot_ws/src/ldlidar' with build type 'ament_cmake'
[0.252s] INFO:colcon.colcon_cmake.task.cmake.build:Building CMake package in '/home/kubekpc/Lidar_Robot/lidar_robot_ws/src/ldlidar'
[0.253s] INFO:colcon.colcon_core.plugin_system:Skipping extension 'colcon_core.shell.bat': Not used on non-Windows systems
[0.253s] INFO:colcon.colcon_core.shell:Skip shell extension 'powershell' for command environment: Not usable outside of PowerShell
[0.253s] DEBUG:colcon.colcon_core.shell:Skip shell extension 'dsv' for command environment
[0.256s] INFO:colcon.colcon_ros.task.ament_cmake.build:Building ROS package in '/home/kubekpc/Lidar_Robot/lidar_robot_ws/src/my_bot_description' with build type 'ament_cmake'
[0.256s] INFO:colcon.colcon_cmake.task.cmake.build:Building CMake package in '/home/kubekpc/Lidar_Robot/lidar_robot_ws/src/my_bot_description'
[0.256s] INFO:colcon.colcon_core.shell:Skip shell extension 'powershell' for command environment: Not usable outside of PowerShell
[0.256s] DEBUG:colcon.colcon_core.shell:Skip shell extension 'dsv' for command environment
[0.262s] DEBUG:colcon.colcon_core.event_handler.log_command:Invoking command in '/home/kubekpc/Lidar_Robot/lidar_robot_ws/build/ldlidar': CMAKE_PREFIX_PATH=${CMAKE_PREFIX_PATH}:/opt/ros/humble /usr/bin/cmake --build /home/kubekpc/Lidar_Robot/lidar_robot_ws/build/ldlidar -- -j16 -l16
[0.264s] DEBUG:colcon.colcon_core.event_handler.log_command:Invoking command in '/home/kubekpc/Lidar_Robot/lidar_robot_ws/build/my_bot_description': CMAKE_PREFIX_PATH=${CMAKE_PREFIX_PATH}:/opt/ros/humble /usr/bin/cmake --build /home/kubekpc/Lidar_Robot/lidar_robot_ws/build/my_bot_description -- -j16 -l16
[0.292s] DEBUG:colcon.colcon_core.event_handler.log_command:Invoked command in '/home/kubekpc/Lidar_Robot/lidar_robot_ws/build/my_bot_description' returned '0': CMAKE_PREFIX_PATH=${CMAKE_PREFIX_PATH}:/opt/ros/humble /usr/bin/cmake --build /home/kubekpc/Lidar_Robot/lidar_robot_ws/build/my_bot_description -- -j16 -l16
[0.300s] DEBUG:colcon.colcon_core.event_handler.log_command:Invoking command in '/home/kubekpc/Lidar_Robot/lidar_robot_ws/build/my_bot_description': CMAKE_PREFIX_PATH=${CMAKE_PREFIX_PATH}:/opt/ros/humble /usr/bin/cmake --install /home/kubekpc/Lidar_Robot/lidar_robot_ws/build/my_bot_description
[0.307s] Level 1:colcon.colcon_core.environment:create_environment_scripts_only(my_bot_description)
[0.307s] DEBUG:colcon.colcon_core.event_handler.log_command:Invoked command in '/home/kubekpc/Lidar_Robot/lidar_robot_ws/build/my_bot_description' returned '0': CMAKE_PREFIX_PATH=${CMAKE_PREFIX_PATH}:/opt/ros/humble /usr/bin/cmake --install /home/kubekpc/Lidar_Robot/lidar_robot_ws/build/my_bot_description
[0.309s] Level 1:colcon.colcon_core.environment:checking '/home/kubekpc/Lidar_Robot/lidar_robot_ws/install/my_bot_description' for CMake module files
[0.309s] Level 1:colcon.colcon_core.environment:checking '/home/kubekpc/Lidar_Robot/lidar_robot_ws/install/my_bot_description' for CMake config files
[0.309s] Level 1:colcon.colcon_core.shell:create_environment_hook('my_bot_description', 'cmake_prefix_path')
[0.310s] INFO:colcon.colcon_core.shell:Creating environment hook '/home/kubekpc/Lidar_Robot/lidar_robot_ws/install/my_bot_description/share/my_bot_description/hook/cmake_prefix_path.ps1'
[0.310s] INFO:colcon.colcon_core.shell:Creating environment descriptor '/home/kubekpc/Lidar_Robot/lidar_robot_ws/install/my_bot_description/share/my_bot_description/hook/cmake_prefix_path.dsv'
[0.310s] INFO:colcon.colcon_core.shell:Creating environment hook '/home/kubekpc/Lidar_Robot/lidar_robot_ws/install/my_bot_description/share/my_bot_description/hook/cmake_prefix_path.sh'
[0.311s] Level 1:colcon.colcon_core.environment:checking '/home/kubekpc/Lidar_Robot/lidar_robot_ws/install/my_bot_description/bin'
[0.311s] Level 1:colcon.colcon_core.environment:checking '/home/kubekpc/Lidar_Robot/lidar_robot_ws/install/my_bot_description/lib/pkgconfig/my_bot_description.pc'
[0.311s] Level 1:colcon.colcon_core.environment:checking '/home/kubekpc/Lidar_Robot/lidar_robot_ws/install/my_bot_description/lib/python3.10/site-packages'
[0.311s] Level 1:colcon.colcon_core.environment:checking '/home/kubekpc/Lidar_Robot/lidar_robot_ws/install/my_bot_description/bin'
[0.312s] INFO:colcon.colcon_core.shell:Creating package script '/home/kubekpc/Lidar_Robot/lidar_robot_ws/install/my_bot_description/share/my_bot_description/package.ps1'
[0.312s] INFO:colcon.colcon_core.shell:Creating package descriptor '/home/kubekpc/Lidar_Robot/lidar_robot_ws/install/my_bot_description/share/my_bot_description/package.dsv'
[0.313s] INFO:colcon.colcon_core.shell:Creating package script '/home/kubekpc/Lidar_Robot/lidar_robot_ws/install/my_bot_description/share/my_bot_description/package.sh'
[0.313s] INFO:colcon.colcon_core.shell:Creating package script '/home/kubekpc/Lidar_Robot/lidar_robot_ws/install/my_bot_description/share/my_bot_description/package.bash'
[0.314s] INFO:colcon.colcon_core.shell:Creating package script '/home/kubekpc/Lidar_Robot/lidar_robot_ws/install/my_bot_description/share/my_bot_description/package.zsh'
[0.314s] Level 1:colcon.colcon_core.environment:create_file_with_runtime_dependencies(/home/kubekpc/Lidar_Robot/lidar_robot_ws/install/my_bot_description/share/colcon-core/packages/my_bot_description)
[0.315s] Level 1:colcon.colcon_core.environment:create_environment_scripts_only(my_bot_description)
[0.315s] Level 1:colcon.colcon_core.environment:checking '/home/kubekpc/Lidar_Robot/lidar_robot_ws/install/my_bot_description' for CMake module files
[0.315s] Level 1:colcon.colcon_core.environment:checking '/home/kubekpc/Lidar_Robot/lidar_robot_ws/install/my_bot_description' for CMake config files
[0.315s] Level 1:colcon.colcon_core.shell:create_environment_hook('my_bot_description', 'cmake_prefix_path')
[0.315s] INFO:colcon.colcon_core.shell:Creating environment hook '/home/kubekpc/Lidar_Robot/lidar_robot_ws/install/my_bot_description/share/my_bot_description/hook/cmake_prefix_path.ps1'
[0.316s] INFO:colcon.colcon_core.shell:Creating environment descriptor '/home/kubekpc/Lidar_Robot/lidar_robot_ws/install/my_bot_description/share/my_bot_description/hook/cmake_prefix_path.dsv'
[0.316s] INFO:colcon.colcon_core.shell:Creating environment hook '/home/kubekpc/Lidar_Robot/lidar_robot_ws/install/my_bot_description/share/my_bot_description/hook/cmake_prefix_path.sh'
[0.316s] Level 1:colcon.colcon_core.environment:checking '/home/kubekpc/Lidar_Robot/lidar_robot_ws/install/my_bot_description/bin'
[0.316s] Level 1:colcon.colcon_core.environment:checking '/home/kubekpc/Lidar_Robot/lidar_robot_ws/install/my_bot_description/lib/pkgconfig/my_bot_description.pc'
[0.317s] Level 1:colcon.colcon_core.environment:checking '/home/kubekpc/Lidar_Robot/lidar_robot_ws/install/my_bot_description/lib/python3.10/site-packages'
[0.317s] Level 1:colcon.colcon_core.environment:checking '/home/kubekpc/Lidar_Robot/lidar_robot_ws/install/my_bot_description/bin'
[0.317s] INFO:colcon.colcon_core.shell:Creating package script '/home/kubekpc/Lidar_Robot/lidar_robot_ws/install/my_bot_description/share/my_bot_description/package.ps1'
[0.317s] INFO:colcon.colcon_core.shell:Creating package descriptor '/home/kubekpc/Lidar_Robot/lidar_robot_ws/install/my_bot_description/share/my_bot_description/package.dsv'
[0.318s] INFO:colcon.colcon_core.shell:Creating package script '/home/kubekpc/Lidar_Robot/lidar_robot_ws/install/my_bot_description/share/my_bot_description/package.sh'
[0.318s] INFO:colcon.colcon_core.shell:Creating package script '/home/kubekpc/Lidar_Robot/lidar_robot_ws/install/my_bot_description/share/my_bot_description/package.bash'
[0.318s] INFO:colcon.colcon_core.shell:Creating package script '/home/kubekpc/Lidar_Robot/lidar_robot_ws/install/my_bot_description/share/my_bot_description/package.zsh'
[0.318s] Level 1:colcon.colcon_core.environment:create_file_with_runtime_dependencies(/home/kubekpc/Lidar_Robot/lidar_robot_ws/install/my_bot_description/share/colcon-core/packages/my_bot_description)
[0.319s] DEBUG:colcon.colcon_core.event_handler.log_command:Invoked command in '/home/kubekpc/Lidar_Robot/lidar_robot_ws/build/ldlidar' returned '0': CMAKE_PREFIX_PATH=${CMAKE_PREFIX_PATH}:/opt/ros/humble /usr/bin/cmake --build /home/kubekpc/Lidar_Robot/lidar_robot_ws/build/ldlidar -- -j16 -l16
[0.320s] DEBUG:colcon.colcon_core.event_handler.log_command:Invoking command in '/home/kubekpc/Lidar_Robot/lidar_robot_ws/build/ldlidar': CMAKE_PREFIX_PATH=${CMAKE_PREFIX_PATH}:/opt/ros/humble /usr/bin/cmake --install /home/kubekpc/Lidar_Robot/lidar_robot_ws/build/ldlidar
[0.328s] Level 1:colcon.colcon_core.environment:create_environment_scripts_only(ldlidar)
[0.328s] Level 1:colcon.colcon_core.environment:checking '/home/kubekpc/Lidar_Robot/lidar_robot_ws/install/ldlidar' for CMake module files
[0.329s] DEBUG:colcon.colcon_core.event_handler.log_command:Invoked command in '/home/kubekpc/Lidar_Robot/lidar_robot_ws/build/ldlidar' returned '0': CMAKE_PREFIX_PATH=${CMAKE_PREFIX_PATH}:/opt/ros/humble /usr/bin/cmake --install /home/kubekpc/Lidar_Robot/lidar_robot_ws/build/ldlidar
[0.329s] Level 1:colcon.colcon_core.environment:checking '/home/kubekpc/Lidar_Robot/lidar_robot_ws/install/ldlidar' for CMake config files
[0.329s] Level 1:colcon.colcon_core.shell:create_environment_hook('ldlidar', 'cmake_prefix_path')
[0.329s] INFO:colcon.colcon_core.shell:Creating environment hook '/home/kubekpc/Lidar_Robot/lidar_robot_ws/install/ldlidar/share/ldlidar/hook/cmake_prefix_path.ps1'
[0.330s] INFO:colcon.colcon_core.shell:Creating environment descriptor '/home/kubekpc/Lidar_Robot/lidar_robot_ws/install/ldlidar/share/ldlidar/hook/cmake_prefix_path.dsv'
[0.330s] INFO:colcon.colcon_core.shell:Creating environment hook '/home/kubekpc/Lidar_Robot/lidar_robot_ws/install/ldlidar/share/ldlidar/hook/cmake_prefix_path.sh'
[0.330s] Level 1:colcon.colcon_core.environment:checking '/home/kubekpc/Lidar_Robot/lidar_robot_ws/install/ldlidar/lib'
[0.331s] Level 1:colcon.colcon_core.environment:checking '/home/kubekpc/Lidar_Robot/lidar_robot_ws/install/ldlidar/bin'
[0.331s] Level 1:colcon.colcon_core.environment:checking '/home/kubekpc/Lidar_Robot/lidar_robot_ws/install/ldlidar/lib/pkgconfig/ldlidar.pc'
[0.331s] Level 1:colcon.colcon_core.environment:checking '/home/kubekpc/Lidar_Robot/lidar_robot_ws/install/ldlidar/lib/python3.10/site-packages'
[0.331s] Level 1:colcon.colcon_core.environment:checking '/home/kubekpc/Lidar_Robot/lidar_robot_ws/install/ldlidar/bin'
[0.331s] INFO:colcon.colcon_core.shell:Creating package script '/home/kubekpc/Lidar_Robot/lidar_robot_ws/install/ldlidar/share/ldlidar/package.ps1'
[0.332s] INFO:colcon.colcon_core.shell:Creating package descriptor '/home/kubekpc/Lidar_Robot/lidar_robot_ws/install/ldlidar/share/ldlidar/package.dsv'
[0.332s] INFO:colcon.colcon_core.shell:Creating package script '/home/kubekpc/Lidar_Robot/lidar_robot_ws/install/ldlidar/share/ldlidar/package.sh'
[0.332s] INFO:colcon.colcon_core.shell:Creating package script '/home/kubekpc/Lidar_Robot/lidar_robot_ws/install/ldlidar/share/ldlidar/package.bash'
[0.332s] INFO:colcon.colcon_core.shell:Creating package script '/home/kubekpc/Lidar_Robot/lidar_robot_ws/install/ldlidar/share/ldlidar/package.zsh'
[0.333s] Level 1:colcon.colcon_core.environment:create_file_with_runtime_dependencies(/home/kubekpc/Lidar_Robot/lidar_robot_ws/install/ldlidar/share/colcon-core/packages/ldlidar)
[0.333s] Level 1:colcon.colcon_core.environment:create_environment_scripts_only(ldlidar)
[0.333s] Level 1:colcon.colcon_core.environment:checking '/home/kubekpc/Lidar_Robot/lidar_robot_ws/install/ldlidar' for CMake module files
[0.334s] Level 1:colcon.colcon_core.environment:checking '/home/kubekpc/Lidar_Robot/lidar_robot_ws/install/ldlidar' for CMake config files
[0.334s] Level 1:colcon.colcon_core.shell:create_environment_hook('ldlidar', 'cmake_prefix_path')
[0.334s] INFO:colcon.colcon_core.shell:Creating environment hook '/home/kubekpc/Lidar_Robot/lidar_robot_ws/install/ldlidar/share/ldlidar/hook/cmake_prefix_path.ps1'
[0.334s] INFO:colcon.colcon_core.shell:Creating environment descriptor '/home/kubekpc/Lidar_Robot/lidar_robot_ws/install/ldlidar/share/ldlidar/hook/cmake_prefix_path.dsv'
[0.334s] INFO:colcon.colcon_core.shell:Creating environment hook '/home/kubekpc/Lidar_Robot/lidar_robot_ws/install/ldlidar/share/ldlidar/hook/cmake_prefix_path.sh'
[0.335s] Level 1:colcon.colcon_core.environment:checking '/home/kubekpc/Lidar_Robot/lidar_robot_ws/install/ldlidar/lib'
[0.335s] Level 1:colcon.colcon_core.environment:checking '/home/kubekpc/Lidar_Robot/lidar_robot_ws/install/ldlidar/bin'
[0.335s] Level 1:colcon.colcon_core.environment:checking '/home/kubekpc/Lidar_Robot/lidar_robot_ws/install/ldlidar/lib/pkgconfig/ldlidar.pc'
[0.335s] Level 1:colcon.colcon_core.environment:checking '/home/kubekpc/Lidar_Robot/lidar_robot_ws/install/ldlidar/lib/python3.10/site-packages'
[0.335s] Level 1:colcon.colcon_core.environment:checking '/home/kubekpc/Lidar_Robot/lidar_robot_ws/install/ldlidar/bin'
[0.335s] INFO:colcon.colcon_core.shell:Creating package script '/home/kubekpc/Lidar_Robot/lidar_robot_ws/install/ldlidar/share/ldlidar/package.ps1'
[0.336s] INFO:colcon.colcon_core.shell:Creating package descriptor '/home/kubekpc/Lidar_Robot/lidar_robot_ws/install/ldlidar/share/ldlidar/package.dsv'
[0.336s] INFO:colcon.colcon_core.shell:Creating package script '/home/kubekpc/Lidar_Robot/lidar_robot_ws/install/ldlidar/share/ldlidar/package.sh'
[0.336s] INFO:colcon.colcon_core.shell:Creating package script '/home/kubekpc/Lidar_Robot/lidar_robot_ws/install/ldlidar/share/ldlidar/package.bash'
[0.337s] INFO:colcon.colcon_core.shell:Creating package script '/home/kubekpc/Lidar_Robot/lidar_robot_ws/install/ldlidar/share/ldlidar/package.zsh'
[0.337s] Level 1:colcon.colcon_core.environment:create_file_with_runtime_dependencies(/home/kubekpc/Lidar_Robot/lidar_robot_ws/install/ldlidar/share/colcon-core/packages/ldlidar)
[0.337s] DEBUG:colcon.colcon_parallel_executor.executor.parallel:closing loop
[0.337s] DEBUG:colcon.colcon_parallel_executor.executor.parallel:loop closed
[0.337s] DEBUG:colcon.colcon_parallel_executor.executor.parallel:run_until_complete finished with '0'
[0.337s] DEBUG:colcon.colcon_core.event_reactor:joining thread
[0.341s] INFO:colcon.colcon_core.plugin_system:Skipping extension 'colcon_notification.desktop_notification.terminal_notifier': Not used on non-Darwin systems
[0.341s] INFO:colcon.colcon_core.plugin_system:Skipping extension 'colcon_notification.desktop_notification.win32': Not used on non-Windows systems
[0.341s] INFO:colcon.colcon_notification.desktop_notification:Sending desktop notification using 'notify2'
[0.349s] DEBUG:colcon.colcon_core.event_reactor:joined thread
[0.349s] INFO:colcon.colcon_core.shell:Creating prefix script '/home/kubekpc/Lidar_Robot/lidar_robot_ws/install/local_setup.ps1'
[0.349s] INFO:colcon.colcon_core.shell:Creating prefix util module '/home/kubekpc/Lidar_Robot/lidar_robot_ws/install/_local_setup_util_ps1.py'
[0.350s] INFO:colcon.colcon_core.shell:Creating prefix chain script '/home/kubekpc/Lidar_Robot/lidar_robot_ws/install/setup.ps1'
[0.351s] INFO:colcon.colcon_core.shell:Creating prefix script '/home/kubekpc/Lidar_Robot/lidar_robot_ws/install/local_setup.sh'
[0.351s] INFO:colcon.colcon_core.shell:Creating prefix util module '/home/kubekpc/Lidar_Robot/lidar_robot_ws/install/_local_setup_util_sh.py'
[0.352s] INFO:colcon.colcon_core.shell:Creating prefix chain script '/home/kubekpc/Lidar_Robot/lidar_robot_ws/install/setup.sh'
[0.352s] INFO:colcon.colcon_core.shell:Creating prefix script '/home/kubekpc/Lidar_Robot/lidar_robot_ws/install/local_setup.bash'
[0.353s] INFO:colcon.colcon_core.shell:Creating prefix chain script '/home/kubekpc/Lidar_Robot/lidar_robot_ws/install/setup.bash'
[0.353s] INFO:colcon.colcon_core.shell:Creating prefix script '/home/kubekpc/Lidar_Robot/lidar_robot_ws/install/local_setup.zsh'
[0.354s] INFO:colcon.colcon_core.shell:Creating prefix chain script '/home/kubekpc/Lidar_Robot/lidar_robot_ws/install/setup.zsh'
